Archive member included to satisfy reference by file (symbol)

C:/devkitPro/libgba/lib\libmm.a(mm_mas.o)
                              bn_hw_audio.o (mmStart)
C:/devkitPro/libgba/lib\libmm.a(mm_main.o)
                              C:/devkitPro/libgba/lib\libmm.a(mm_mas.o) (mmCallback)
C:/devkitPro/libgba/lib\libmm.a(mm_effect.o)
                              bn_hw_audio.o (mmEffect)
C:/devkitPro/libgba/lib\libmm.a(mm_mas_arm.o)
                              C:/devkitPro/libgba/lib\libmm.a(mm_mas.o) (mmAllocChannel)
C:/devkitPro/libgba/lib\libmm.a(mm_mixer_gba.o)
                              bn_hw_audio.o (mmVBlank)
C:/devkitPro/libgba/lib\libmm.a(mm_main_gba.o)
                              C:/devkitPro/libgba/lib\libmm.a(mm_mixer_gba.o) (mm_vblank_function)
c:/devkitpro/devkitarm/bin/../lib/gcc/arm-none-eabi/12.2.0/thumb\libgcc.a(_call_via_rX.o)
                              C:/devkitPro/libgba/lib\libmm.a(mm_main_gba.o) (_call_via_r1)
c:/devkitpro/devkitarm/bin/../lib/gcc/arm-none-eabi/12.2.0/thumb\libgcc.a(_aeabi_ldivmod.o)
                              bn_hw_text.o (__aeabi_ldivmod)
c:/devkitpro/devkitarm/bin/../lib/gcc/arm-none-eabi/12.2.0/thumb\libgcc.a(_aeabi_uldivmod.o)
                              bn_hw_text.o (__aeabi_uldivmod)
c:/devkitpro/devkitarm/bin/../lib/gcc/arm-none-eabi/12.2.0/thumb\libgcc.a(_udivmoddi4.o)
                              c:/devkitpro/devkitarm/bin/../lib/gcc/arm-none-eabi/12.2.0/thumb\libgcc.a(_aeabi_ldivmod.o) (__udivmoddi4)
c:/devkitpro/devkitarm/bin/../lib/gcc/arm-none-eabi/12.2.0/../../../../arm-none-eabi/lib/thumb\libg.a(libc_a-init.o)
                              c:/devkitpro/devkitarm/bin/../lib/gcc/arm-none-eabi/12.2.0/../../../../arm-none-eabi/lib/thumb/gba_crt0.o (__libc_init_array)
c:/devkitpro/devkitarm/bin/../lib/gcc/arm-none-eabi/12.2.0/../../../../arm-none-eabi/lib/thumb\libsysbase.a(libsysbase_libsysbase_a-malloc_vars.o)
                              c:/devkitpro/devkitarm/bin/../lib/gcc/arm-none-eabi/12.2.0/../../../../arm-none-eabi/lib/thumb/gba_crt0.o (fake_heap_end)

Discarded input sections

 .text          0x00000000        0x0 c:/devkitpro/devkitarm/bin/../lib/gcc/arm-none-eabi/12.2.0/../../../../arm-none-eabi/lib/thumb/gba_crt0.o
 .data          0x00000000        0x0 c:/devkitpro/devkitarm/bin/../lib/gcc/arm-none-eabi/12.2.0/../../../../arm-none-eabi/lib/thumb/gba_crt0.o
 .bss           0x00000000        0x0 c:/devkitpro/devkitarm/bin/../lib/gcc/arm-none-eabi/12.2.0/../../../../arm-none-eabi/lib/thumb/gba_crt0.o
 .text          0x00000000        0x0 c:/devkitpro/devkitarm/bin/../lib/gcc/arm-none-eabi/12.2.0/thumb/crti.o
 .data          0x00000000        0x0 c:/devkitpro/devkitarm/bin/../lib/gcc/arm-none-eabi/12.2.0/thumb/crti.o
 .bss           0x00000000        0x0 c:/devkitpro/devkitarm/bin/../lib/gcc/arm-none-eabi/12.2.0/thumb/crti.o
 .text          0x00000000        0x0 c:/devkitpro/devkitarm/bin/../lib/gcc/arm-none-eabi/12.2.0/thumb/crtbegin.o
 .data          0x00000000        0x0 c:/devkitpro/devkitarm/bin/../lib/gcc/arm-none-eabi/12.2.0/thumb/crtbegin.o
 .bss           0x00000000        0x0 c:/devkitpro/devkitarm/bin/../lib/gcc/arm-none-eabi/12.2.0/thumb/crtbegin.o
 .rodata.all_implied_fbits
                0x00000000       0x24 c:/devkitpro/devkitarm/bin/../lib/gcc/arm-none-eabi/12.2.0/thumb/crtbegin.o
 .data.__dso_handle
                0x00000000        0x4 c:/devkitpro/devkitarm/bin/../lib/gcc/arm-none-eabi/12.2.0/thumb/crtbegin.o
 .text          0x00000000        0x0 _bn_audio_soundbank.bin.o
 .data          0x00000000        0x0 _bn_audio_soundbank.bin.o
 .bss           0x00000000        0x0 _bn_audio_soundbank.bin.o
 .text          0x00000000        0x0 rick_bn_gfx.o
 .data          0x00000000        0x0 rick_bn_gfx.o
 .bss           0x00000000        0x0 rick_bn_gfx.o
 .group         0x00000000        0x8 main.o
 .group         0x00000000        0xc main.o
 .text          0x00000000        0x0 main.o
 .data          0x00000000        0x0 main.o
 .bss           0x00000000        0x0 main.o
 .group         0x00000000        0xc bn_audio_manager.o
 .group         0x00000000        0xc bn_audio_manager.o
 .group         0x00000000        0xc bn_audio_manager.o
 .group         0x00000000        0xc bn_audio_manager.o
 .group         0x00000000        0xc bn_audio_manager.o
 .group         0x00000000        0xc bn_audio_manager.o
 .group         0x00000000        0xc bn_audio_manager.o
 .group         0x00000000        0xc bn_audio_manager.o
 .group         0x00000000        0xc bn_audio_manager.o
 .group         0x00000000        0xc bn_audio_manager.o
 .group         0x00000000        0xc bn_audio_manager.o
 .group         0x00000000        0xc bn_audio_manager.o
 .group         0x00000000        0xc bn_audio_manager.o
 .group         0x00000000        0xc bn_audio_manager.o
 .group         0x00000000        0xc bn_audio_manager.o
 .group         0x00000000        0xc bn_audio_manager.o
[...]
Memory Configuration

Name             Origin             Length             Attributes
rom              0x08000000         0x02000000
iwram            0x03000000         0x00008000
ewram            0x02000000         0x00040000
*default*        0x00000000         0xffffffff

Linker script and memory map

                0x08000000                        __text_start = ORIGIN (rom)
                0x02040000                        __eheap_end = (ORIGIN (ewram) + LENGTH (ewram))
                0x03000000                        __iwram_start = ORIGIN (iwram)
                0x03008000                        __iwram_top = (ORIGIN (iwram) + LENGTH (iwram))
                0x03007fa0                        __sp_irq = (__iwram_top - 0x60)
                0x03007f00                        __sp_usr = (__sp_irq - 0xa0)
                0x03007ff8                        __irq_flags = 0x3007ff8
                0x08000000                        . = __text_start

.crt0           0x08000000      0x210
 *(.crt0)
 .crt0          0x08000000      0x210 c:/devkitpro/devkitarm/bin/../lib/gcc/arm-none-eabi/12.2.0/../../../../arm-none-eabi/lib/thumb/gba_crt0.o
                0x08000000                _start
                0x080000c4                __boot_method
                0x080000c5                __slave_number
                0x080000e0                start_vector
                0x08000210                        . = ALIGN (0x4)

.init           0x08000210        0xc
 *(SORT_NONE(.init))
 .init          0x08000210        0x4 c:/devkitpro/devkitarm/bin/../lib/gcc/arm-none-eabi/12.2.0/thumb/crti.o
                0x08000210                _init
 .init          0x08000214        0x8 c:/devkitpro/devkitarm/bin/../lib/gcc/arm-none-eabi/12.2.0/thumb/crtn.o

.plt            0x0800021c        0x0
 *(.plt)
                0x0800021c                        . = ALIGN (0x4)

.text           0x08000220    0x10958
 *(EXCLUDE_FILE(*.iwram*) .text*)
 .text.__do_global_dtors_aux
                0x08000220       0x2c c:/devkitpro/devkitarm/bin/../lib/gcc/arm-none-eabi/12.2.0/thumb/crtbegin.o
 .text.frame_dummy
                0x0800024c       0x24 c:/devkitpro/devkitarm/bin/../lib/gcc/arm-none-eabi/12.2.0/thumb/crtbegin.o
 .text.startup.main
                0x08000270       0x28 main.o
                0x08000270                main
 .text._ZN2bn13audio_manager4initEv
                0x08000298        0xc bn_audio_manager.o
                0x08000298                bn::audio_manager::init()
 .text._ZN2bn13audio_manager7disableEv
                0x080002a4        0xc bn_audio_manager.o
                0x080002a4                bn::audio_manager::disable()
 .text._ZN2bn13audio_manager22disable_vblank_handlerEv
                0x080002b0        0xc bn_audio_manager.o
                0x080002b0                bn::audio_manager::disable_vblank_handler()
 .text._ZN2bn13audio_manager6updateEv
                0x080002bc       0x18 bn_audio_manager.o
                0x080002bc                bn::audio_manager::update()
 .text._ZN2bn13audio_manager6commitEv
                0x080002d4        0xc bn_audio_manager.o
                0x080002d4                bn::audio_manager::commit()
 .text._ZN3_bn6assert9show_argsIA18_ciEEvPKcS4_S4_iRKT_RKT0_
                0x080002e0       0x58 bn_audio_manager.o
                0x080002e0                void _bn::assert::show_args<char [18], int>(char const*, char const*, char const*, int, char const (&) [18], int const&)
 .text._ZN3_bn6assert9show_argsIA14_ciEEvPKcS4_S4_iRKT_RKT0_
                0x08000338       0x58 bn_audio_manager.o
                0x08000338                void _bn::assert::show_args<char [14], int>(char const*, char const*, char const*, int, char const (&) [14], int const&)
 .text._ZN2bn13audio_manager16execute_commandsEv
                0x08000390      0x240 bn_audio_manager.o
                0x08000390                bn::audio_manager::execute_commands()
 .text._ZN3_bn6assert9show_argsIA26_ciEEvPKcS4_S4_iRKT_RKT0_
                0x080005d0       0x58 bn_audio_manager.o
                0x080005d0                void _bn::assert::show_args<char [26], int>(char const*, char const*, char const*, int, char const (&) [26], int const&)
 .text._ZN3_bn6assert9show_argsIA33_cEEvPKcS4_S4_iRKT_
                0x08000628       0x50 bn_audio_manager.o
                0x08000628                void _bn::assert::show_args<char [33]>(char const*, char const*, char const*, int, char const (&) [33])
 .text._ZNK2bn10sound_item4playEv
                0x08000678       0x5c bn_audio_manager.o
                0x08000678                bn::sound_item::play() const
 .text._ZN3_bn6assert9show_argsIA25_cEEvPKcS4_S4_iRKT_
                0x080006d4       0x50 bn_audio_manager.o
                0x080006d4                void _bn::assert::show_args<char [25]>(char const*, char const*, char const*, int, char const (&) [25])
 .text._ZN2bn13audio_manager10stop_musicEv
                0x08000724       0x70 bn_audio_manager.o
                0x08000724                bn::audio_manager::stop_music()
 .text._ZN2bn13audio_manager4stopEv
                0x08000794       0x60 bn_audio_manager.o
                0x08000794                bn::audio_manager::stop()
 .text._ZN3_bn6assert9show_argsIA24_cEEvPKcS4_S4_iRKT_
                0x080007f4       0x50 bn_audio_manager.o
                0x080007f4                void _bn::assert::show_args<char [24]>(char const*, char const*, char const*, int, char const (&) [24])
 .text.startup._GLOBAL__sub_I__ZN2bn5audio16update_on_vblankEv
                0x08000844       0x38 bn_audio_manager.o
 .text._ZN3_bn6assert9show_argsIA23_cEEvPKcS4_S4_iRKT_
                0x0800087c       0x50 bn_best_fit_allocator.o
                0x0800087c                void _bn::assert::show_args<char [23]>(char const*, char const*, char const*, int, char const (&) [23])
 .text._ZN2bn18best_fit_allocatorD2Ev
                0x080008cc       0x34 bn_best_fit_allocator.o
                0x080008cc                bn::best_fit_allocator::~best_fit_allocator()
                0x080008cc                bn::best_fit_allocator::~best_fit_allocator()
 .text._ZN3_bn6assert9show_argsIA16_ciEEvPKcS4_S4_iRKT_RKT0_
                0x08000900       0x58 bn_best_fit_allocator.o
                0x08000900                void _bn::assert::show_args<char [16], int>(char const*, char const*, char const*, int, char const (&) [16], int const&)
 .text._ZN3_bn6assert9show_argsIA14_cEEvPKcS4_S4_iRKT_
                0x08000958       0x50 bn_best_fit_allocator.o
                0x08000958                void _bn::assert::show_args<char [14]>(char const*, char const*, char const*, int, char const (&) [14])
 .text._ZN3_bn6assert9show_argsIA21_cEEvPKcS4_S4_iRKT_
                0x080009a8       0x50 bn_best_fit_allocator.o
                0x080009a8                void _bn::assert::show_args<char [21]>(char const*, char const*, char const*, int, char const (&) [21])
 .text._ZN2bn18best_fit_allocator5resetEPvi
                0x080009f8       0xc4 bn_best_fit_allocator.o
                0x080009f8                bn::best_fit_allocator::reset(void*, int)
 .text._ZN2bn17bg_blocks_manager12_GLOBAL__N_125_regular_map_blocks_countEii
                0x08000abc       0x38 bn_bg_blocks_manager.o
 .text._ZN2bn13ostringstream11append_argsIiJA4_ctEEEvRKT_DpRKT0_.isra.0
                0x08000af4       0x24 bn_bg_blocks_manager.o
 .text._ZN2bn13ostringstream11append_argsIiJA4_ciEEEvRKT_DpRKT0_.isra.0
                0x08000b18       0x24 bn_bg_blocks_manager.o
 .text._ZNK2bn18regular_bg_map_ptr2idEv
                0x08000b3c       0x18 bn_bg_blocks_manager.o
                0x08000b3c                bn::regular_bg_map_ptr::id() const
 .text._ZNK2bn18regular_bg_map_ptr10dimensionsEv
                0x08000b54       0x20 bn_bg_blocks_manager.o
                0x08000b54                bn::regular_bg_map_ptr::dimensions() const
 .text._ZNK2bn20regular_bg_tiles_ptr3cbbEv
                0x08000b74       0x18 bn_bg_blocks_manager.o
                0x08000b74                bn::regular_bg_tiles_ptr::cbb() const
 .text._ZNK2bn17affine_bg_map_ptr2idEv
                0x08000b8c       0x18 bn_bg_blocks_manager.o
                0x08000b8c                bn::affine_bg_map_ptr::id() const
 .text._ZNK2bn17affine_bg_map_ptr10dimensionsEv
                0x08000ba4       0x20 bn_bg_blocks_manager.o
                0x08000ba4                bn::affine_bg_map_ptr::dimensions() const
 .text._ZNK2bn19affine_bg_tiles_ptr3cbbEv
                0x08000bc4       0x18 bn_bg_blocks_manager.o
                0x08000bc4                bn::affine_bg_tiles_ptr::cbb() const
 .text._ZN2bn17bg_blocks_manager10log_statusEv
                0x08000bdc      0x3f8 bn_bg_blocks_manager.o
                0x08000bdc                bn::bg_blocks_manager::log_status()
 .text._ZN2bn17bg_blocks_manager15decrease_usagesEi
                0x08000fd4       0x98 bn_bg_blocks_manager.o
                0x08000fd4                bn::bg_blocks_manager::decrease_usages(int)
 .text._ZN2bn18regular_bg_map_ptrD2Ev
                0x0800106c       0x18 bn_bg_blocks_manager.o
                0x0800106c                bn::regular_bg_map_ptr::~regular_bg_map_ptr()
                0x0800106c                bn::regular_bg_map_ptr::~regular_bg_map_ptr()
 .text._ZN2bn17bg_blocks_manager12_GLOBAL__N_110items_list12insert_afterEiRKNS1_9item_typeE.constprop.0
                0x08001084      0x240 bn_bg_blocks_manager.o
 .text._ZN2bn17bg_blocks_manager4initEv
                0x080012c4       0x7c bn_bg_blocks_manager.o
                0x080012c4                bn::bg_blocks_manager::init()
 .text._ZN2bn17bg_blocks_manager11must_commitEi
                0x08001340       0x18 bn_bg_blocks_manager.o
                0x08001340                bn::bg_blocks_manager::must_commit(int)
 .text._ZN3_bn6assert9show_argsIA27_ciEEvPKcS4_S4_iRKT_RKT0_
                0x08001358       0x58 bn_bg_blocks_manager.o
                0x08001358                void _bn::assert::show_args<char [27], int>(char const*, char const*, char const*, int, char const (&) [27], int const&)
 .text._ZN3_bn6assert9show_argsIA15_ciEEvPKcS4_S4_iRKT_RKT0_
                0x080013b0       0x58 bn_bg_blocks_manager.o
                0x080013b0                void _bn::assert::show_args<char [15], int>(char const*, char const*, char const*, int, char const (&) [15], int const&)
 .text._ZN3_bn6assert9show_argsIJA22_ciA4_ciEEEvPKcS5_S5_iDpRKT_
                0x08001408       0x5c bn_bg_blocks_manager.o
                0x08001408                void _bn::assert::show_args<char [22], int, char [4], int>(char const*, char const*, char const*, int, char const (&) [22], int const&, char const (&) [4], int const&)
 .text._ZN3_bn6assert9show_argsIJA58_ciA4_ciEEEvPKcS5_S5_iDpRKT_
                0x08001464       0x5c bn_bg_blocks_manager.o
                0x08001464                void _bn::assert::show_args<char [58], int, char [4], int>(char const*, char const*, char const*, int, char const (&) [58], int const&, char const (&) [4], int const&)
 .text._ZN3_bn6assert9show_argsIA22_ciEEvPKcS4_S4_iRKT_RKT0_
                0x080014c0       0x58 bn_bg_blocks_manager.o
                0x080014c0                void _bn::assert::show_args<char [22], int>(char const*, char const*, char const*, int, char const (&) [22], int const&)
 .text._ZN3_bn6assert9show_argsIJA44_cPKtA4_cS4_EEEvPKcS7_S7_iDpRKT_
                0x08001518       0x6c bn_bg_blocks_manager.o
                0x08001518                void _bn::assert::show_args<char [44], unsigned short const*, char [4], unsigned short const*>(char const*, char const*, char const*, int, char const (&) [44], unsigned short const* const&, char const (&) [4], unsigned short const* const&)
 .text._ZN3_bn6assert9show_argsIJA46_ciA4_ciEEEvPKcS5_S5_iDpRKT_
                0x08001584       0x5c bn_bg_blocks_manager.o
                0x08001584                void _bn::assert::show_args<char [46], int, char [4], int>(char const*, char const*, char const*, int, char const (&) [46], int const&, char const (&) [4], int const&)
 .text._ZN3_bn6assert9show_argsIJA37_cbA4_cbEEEvPKcS5_S5_iDpRKT_
                0x080015e0       0x84 bn_bg_blocks_manager.o
                0x080015e0                void _bn::assert::show_args<char [37], bool, char [4], bool>(char const*, char const*, char const*, int, char const (&) [37], bool const&, char const (&) [4], bool const&)
 .text._ZN3_bn6assert9show_argsIA19_cEEvPKcS4_S4_iRKT_
                0x08001664       0x50 bn_bg_blocks_manager.o
                0x08001664                void _bn::assert::show_args<char [19]>(char const*, char const*, char const*, int, char const (&) [19])
 .text._ZN2bn17bg_blocks_manager12_GLOBAL__N_116_find_tiles_implEPKtNS_16compression_typeEib
                0x080016b4      0x1d8 bn_bg_blocks_manager.o
 .text._ZN3_bn6assert9show_argsIJA34_ciA4_ctEEEvPKcS5_S5_iDpRKT_
                0x0800188c       0x5c bn_bg_blocks_manager.o
                0x0800188c                void _bn::assert::show_args<char [34], int, char [4], unsigned short>(char const*, char const*, char const*, int, char const (&) [34], int const&, char const (&) [4], unsigned short const&)
 .text._ZN3_bn6assert9show_argsIJA36_ciA4_ctEEEvPKcS5_S5_iDpRKT_
                0x080018e8       0x5c bn_bg_blocks_manager.o
                0x080018e8                void _bn::assert::show_args<char [36], int, char [4], unsigned short>(char const*, char const*, char const*, int, char const (&) [36], int const&, char const (&) [4], unsigned short const&)
 .text._ZN3_bn6assert9show_argsIJA54_ciA4_ciEEEvPKcS5_S5_iDpRKT_
                0x08001944       0x5c bn_bg_blocks_manager.o
                0x08001944                void _bn::assert::show_args<char [54], int, char [4], int>(char const*, char const*, char const*, int, char const (&) [54], int const&, char const (&) [4], int const&)
 .text._ZN3_bn6assert9show_argsIA22_cEEvPKcS4_S4_iRKT_
                0x080019a0       0x50 bn_bg_blocks_manager.o
                0x080019a0                void _bn::assert::show_args<char [22]>(char const*, char const*, char const*, int, char const (&) [22])
 .text._ZNK2bn17affine_bg_map_ptr5tilesEv
                0x080019f0       0x48 bn_bg_blocks_manager.o
                0x080019f0                bn::affine_bg_map_ptr::tiles() const
 .text._ZNK2bn18regular_bg_map_ptr5tilesEv
                0x08001a38       0x48 bn_bg_blocks_manager.o
                0x08001a38                bn::regular_bg_map_ptr::tiles() const
 .text._ZNK2bn18regular_bg_map_ptr3bppEv
                0x08001a80       0x4c bn_bg_blocks_manager.o
                0x08001a80                bn::regular_bg_map_ptr::bpp() const
 .text._ZN2bn17bg_blocks_manager21update_affine_map_rowEiii
                0x08001acc      0x104 bn_bg_blocks_manager.o
                0x08001acc                bn::bg_blocks_manager::update_affine_map_row(int, int, int)
 .text._ZN2bn17bg_blocks_manager23set_affine_map_positionEiii
                0x08001bd0      0x1b0 bn_bg_blocks_manager.o
                0x08001bd0                bn::bg_blocks_manager::set_affine_map_position(int, int, int)
 .text._ZN2bn17bg_blocks_manager21update_affine_map_colEiii
                0x08001d80      0x224 bn_bg_blocks_manager.o
                0x08001d80                bn::bg_blocks_manager::update_affine_map_col(int, int, int)
 .text._ZN2bn17bg_blocks_manager22update_regular_map_colEiii
                0x08001fa4      0x174 bn_bg_blocks_manager.o
                0x08001fa4                bn::bg_blocks_manager::update_regular_map_col(int, int, int)
 .text._ZN2bn17bg_blocks_manager22update_regular_map_rowEiii
                0x08002118      0x14c bn_bg_blocks_manager.o
                0x08002118                bn::bg_blocks_manager::update_regular_map_row(int, int, int)
 .text._ZN2bn17bg_blocks_manager24set_regular_map_positionEiii
                0x08002264      0x1d8 bn_bg_blocks_manager.o
                0x08002264                bn::bg_blocks_manager::set_regular_map_position(int, int, int)
 .text._ZN2bn17bg_blocks_manager12_GLOBAL__N_112_commit_itemERKNS1_9item_typeE
                0x0800243c      0x2bc bn_bg_blocks_manager.o
 .text._ZN2bn17bg_blocks_manager6commitEv
                0x080026f8       0x40 bn_bg_blocks_manager.o
                0x080026f8                bn::bg_blocks_manager::commit()
 .text._ZN2bn17bg_blocks_manager21set_regular_map_tilesEiONS_20regular_bg_tiles_ptrE
                0x08002738      0x25c bn_bg_blocks_manager.o
                0x08002738                bn::bg_blocks_manager::set_regular_map_tiles(int, bn::regular_bg_tiles_ptr&&)
 .text._ZN2bn17bg_blocks_manager23set_regular_map_paletteEiONS_14bg_palette_ptrE
                0x08002994      0x224 bn_bg_blocks_manager.o
                0x08002994                bn::bg_blocks_manager::set_regular_map_palette(int, bn::bg_palette_ptr&&)
 .text._ZN3_bn6assert9show_argsIJA34_ciA4_ciEEEvPKcS5_S5_iDpRKT_
                0x08002bb8       0x5c bn_bg_blocks_manager.o
                0x08002bb8                void _bn::assert::show_args<char [34], int, char [4], int>(char const*, char const*, char const*, int, char const (&) [34], int const&, char const (&) [4], int const&)
 .text._ZN3_bn6assert9show_argsIJA38_ciA4_ciEEEvPKcS5_S5_iDpRKT_
                0x08002c14       0x5c bn_bg_blocks_manager.o
                0x08002c14                void _bn::assert::show_args<char [38], int, char [4], int>(char const*, char const*, char const*, int, char const (&) [38], int const&, char const (&) [4], int const&)
 .text._ZN3_bn6assert9show_argsIJA32_cA15_cPKtA16_ciA17_ciA34_cN2bn11string_viewEEEEvPKcSC_SC_iDpRKT_
                0x08002c70       0x94 bn_bg_blocks_manager.o
                0x08002c70                void _bn::assert::show_args<char [32], char [15], unsigned short const*, char [16], int, char [17], int, char [34], bn::string_view>(char const*, char const*, char const*, int, char const (&) [32], char const (&) [15], unsigned short const* const&, char const (&) [16], int const&, char const (&) [17], int const&, char const (&) [34], bn::string_view const&)
 .text._ZN3_bn6assert9show_argsIA26_cEEvPKcS4_S4_iRKT_
                0x08002d04       0x50 bn_bg_blocks_manager.o
                0x08002d04                void _bn::assert::show_args<char [26]>(char const*, char const*, char const*, int, char const (&) [26])
 .text._ZN3_bn6assert9show_argsIA46_cEEvPKcS4_S4_iRKT_
                0x08002d54       0x50 bn_bg_blocks_manager.o
                0x08002d54                void _bn::assert::show_args<char [46]>(char const*, char const*, char const*, int, char const (&) [46])
 .text._ZN3_bn6assert9show_argsIJA30_cA13_cPKtA14_ciA15_ciA17_ciA34_cN2bn11string_viewEEEEvPKcSD_SD_iDpRKT_
                0x08002da4       0xa8 bn_bg_blocks_manager.o
                0x08002da4                void _bn::assert::show_args<char [30], char [13], unsigned short const*, char [14], int, char [15], int, char [17], int, char [34], bn::string_view>(char const*, char const*, char const*, int, char const (&) [30], char const (&) [13], unsigned short const* const&, char const (&) [14], int const&, char const (&) [15], int const&, char const (&) [17], int const&, char const (&) [34], bn::string_view const&)
 .text._ZN3_bn6assert9show_argsIA31_cEEvPKcS4_S4_iRKT_
                0x08002e4c       0x50 bn_bg_blocks_manager.o
                0x08002e4c                void _bn::assert::show_args<char [31]>(char const*, char const*, char const*, int, char const (&) [31])
 .text._ZN3_bn6assert9show_argsIA17_cEEvPKcS4_S4_iRKT_
                0x08002e9c       0x50 bn_bg_blocks_manager.o
                0x08002e9c                void _bn::assert::show_args<char [17]>(char const*, char const*, char const*, int, char const (&) [17])
 .text._ZN3_bn6assert9show_argsIJA37_ciA4_ciEEEvPKcS5_S5_iDpRKT_
                0x08002eec       0x5c bn_bg_blocks_manager.o
                0x08002eec                void _bn::assert::show_args<char [37], int, char [4], int>(char const*, char const*, char const*, int, char const (&) [37], int const&, char const (&) [4], int const&)
 .text._ZN2bn17bg_blocks_manager33set_regular_map_tiles_and_paletteEiONS_20regular_bg_tiles_ptrEONS_14bg_palette_ptrE
                0x08002f48      0x2e8 bn_bg_blocks_manager.o
                0x08002f48                bn::bg_blocks_manager::set_regular_map_tiles_and_palette(int, bn::regular_bg_tiles_ptr&&, bn::bg_palette_ptr&&)
 .text._ZN2bn17bg_blocks_manager12_GLOBAL__N_122_find_regular_map_implERKNS_19regular_bg_map_itemERKNS_20regular_bg_tiles_ptrERKNS_14bg_palette_ptrE
                0x08003230      0x37c bn_bg_blocks_manager.o
 .text._ZN3_bn6assert9show_argsIA39_ciEEvPKcS4_S4_iRKT_RKT0_
                0x080035ac       0x58 bn_bg_blocks_manager.o
                0x080035ac                void _bn::assert::show_args<char [39], int>(char const*, char const*, char const*, int, char const (&) [39], int const&)
 .text._ZN3_bn6assert9show_argsIA25_ciEEvPKcS4_S4_iRKT_RKT0_
                0x08003604       0x58 bn_bg_blocks_manager.o
                0x08003604                void _bn::assert::show_args<char [25], int>(char const*, char const*, char const*, int, char const (&) [25], int const&)
 .text._ZN2bn14iunordered_mapIPKviNS_17bg_blocks_manager12_GLOBAL__N_115identity_hasherENS_8equal_toIS2_EEE5eraseERKNS8_14const_iteratorE.constprop.0.isra.0
                0x0800365c      0x1a4 bn_bg_blocks_manager.o
 .text._ZN2bn17bg_blocks_manager12_GLOBAL__N_121_remove_adjacent_itemEiRNS1_9item_typeE
                0x08003800       0xcc bn_bg_blocks_manager.o
 .text._ZN2bn17bg_blocks_manager6updateEv
                0x080038cc      0x200 bn_bg_blocks_manager.o
                0x080038cc                bn::bg_blocks_manager::update()
 .text._ZN2bn17bg_blocks_manager12_GLOBAL__N_112_create_itemEiibONS1_11create_dataE
                0x08003acc      0x52c bn_bg_blocks_manager.o
 .text._ZN2bn17bg_blocks_manager12_GLOBAL__N_112_create_implEONS1_11create_dataE
                0x08003ff8      0x1d0 bn_bg_blocks_manager.o
 .text._ZN2bn17bg_blocks_manager20create_regular_tilesERKNS_21regular_bg_tiles_itemEb
                0x080041c8      0x148 bn_bg_blocks_manager.o
                0x080041c8                bn::bg_blocks_manager::create_regular_tiles(bn::regular_bg_tiles_item const&, bool)
 .text._ZN2bn17bg_blocks_manager18create_regular_mapERKNS_19regular_bg_map_itemEONS_20regular_bg_tiles_ptrEONS_14bg_palette_ptrEb
                0x08004310      0x27c bn_bg_blocks_manager.o
                0x08004310                bn::bg_blocks_manager::create_regular_map(bn::regular_bg_map_item const&, bn::regular_bg_tiles_ptr&&, bn::bg_palette_ptr&&, bool)
 .text._ZN2bn18regular_bg_map_ptr6createERKNS_15regular_bg_itemE
                0x0800458c       0x50 bn_bg_blocks_manager.o
                0x0800458c                bn::regular_bg_map_ptr::create(bn::regular_bg_item const&)
 .text.startup._GLOBAL__sub_I__ZN2bn7bg_maps16used_cells_countEv
                0x080045dc       0x98 bn_bg_blocks_manager.o
 .text.exit._GLOBAL__sub_D__ZN2bn7bg_maps16used_cells_countEv
                0x08004674       0x50 bn_bg_blocks_manager.o
 .text._ZN2bn11bgs_manager12_GLOBAL__N_129_check_unique_regular_big_mapERNS1_9item_typeE
                0x080046c4       0x68 bn_bgs_manager.o
 .text._ZN2bn11bgs_manager12_GLOBAL__N_133_update_item_hw_affine_attributesERKNS1_9item_typeE
                0x0800472c       0x48 bn_bgs_manager.o
 .text._ZN2bn13ostringstream11append_argsIiJA4_ciEEEvRKT_DpRKT0_.isra.0
                0x08004774       0x24 bn_bgs_manager.o
 .text._ZN2bn11bgs_manager5hw_idEPv
                0x08004798        0x8 bn_bgs_manager.o
                0x08004798                bn::bgs_manager::hw_id(void*)
 .text._ZN2bn11bgs_manager11hw_positionEPv
                0x080047a0        0x4 bn_bgs_manager.o
                0x080047a0                bn::bgs_manager::hw_position(void*)
 .text._ZN2bn11bgs_manager14mat_attributesEPv
                0x080047a4        0x4 bn_bgs_manager.o
                0x080047a4                bn::bgs_manager::mat_attributes(void*)
 .text._ZN2bn11bgs_manager20update_windows_flagsEPj
                0x080047a8       0x7c bn_bgs_manager.o
                0x080047a8                bn::bgs_manager::update_windows_flags(unsigned int*)
 .text._ZN2bn11bgs_manager28update_regular_map_tiles_cbbEii
                0x08004824       0xa8 bn_bgs_manager.o
                0x08004824                bn::bgs_manager::update_regular_map_tiles_cbb(int, int)
 .text._ZN2bn11bgs_manager30update_regular_map_palette_bppEiNS_8bpp_modeE
                0x080048cc       0xac bn_bgs_manager.o
                0x080048cc                bn::bgs_manager::update_regular_map_palette_bpp(int, bn::bpp_mode)
 .text._ZN2bn11bgs_manager36fill_hblank_effect_regular_positionsEiPKNS_7fixed_tILi12EEEPt
                0x08004978       0x38 bn_bgs_manager.o
                0x08004978                bn::bgs_manager::fill_hblank_effect_regular_positions(int, bn::fixed_t<12> const*, unsigned short*)
 .text._ZN2bn11bgs_manager45fill_hblank_effect_pivot_horizontal_positionsEPvPKNS_7fixed_tILi12EEEPj
                0x080049b0       0x24 bn_bgs_manager.o
                0x080049b0                bn::bgs_manager::fill_hblank_effect_pivot_horizontal_positions(void*, bn::fixed_t<12> const*, unsigned int*)
 .text._ZN2bn11bgs_manager43fill_hblank_effect_pivot_vertical_positionsEPvPKNS_7fixed_tILi12EEEPj
                0x080049d4       0x24 bn_bgs_manager.o
                0x080049d4                bn::bgs_manager::fill_hblank_effect_pivot_vertical_positions(void*, bn::fixed_t<12> const*, unsigned int*)
 .text._ZN2bn11bgs_manager6commitEb
                0x080049f8       0x58 bn_bgs_manager.o
                0x080049f8                bn::bgs_manager::commit(bool)
 .text._ZN2bn11bgs_manager4stopEv
                0x08004a50       0x28 bn_bgs_manager.o
                0x08004a50                bn::bgs_manager::stop()
 .text._ZN3_bn6assert9show_argsIA17_ciEEvPKcS4_S4_iRKT_RKT0_
                0x08004a78       0x58 bn_bgs_manager.o
                0x08004a78                void _bn::assert::show_args<char [17], int>(char const*, char const*, char const*, int, char const (&) [17], int const&)
 .text._ZN3_bn6assert9show_argsIA30_cEEvPKcS4_S4_iRKT_
                0x08004ad0       0x50 bn_bgs_manager.o
                0x08004ad0                void _bn::assert::show_args<char [30]>(char const*, char const*, char const*, int, char const (&) [30])
 .text._ZN3_bn6assert9show_argsIJA60_ciA4_ciEEEvPKcS5_S5_iDpRKT_
                0x08004b20       0x5c bn_bgs_manager.o
                0x08004b20                void _bn::assert::show_args<char [60], int, char [4], int>(char const*, char const*, char const*, int, char const (&) [60], int const&, char const (&) [4], int const&)
 .text._ZN3_bn6assert9show_argsIJA59_ciA4_ciEEEvPKcS5_S5_iDpRKT_
                0x08004b7c       0x5c bn_bgs_manager.o
                0x08004b7c                void _bn::assert::show_args<char [59], int, char [4], int>(char const*, char const*, char const*, int, char const (&) [59], int const&, char const (&) [4], int const&)
 .text._ZN3_bn6assert9show_argsIJA57_ciA4_ciEEEvPKcS5_S5_iDpRKT_
                0x08004bd8       0x5c bn_bgs_manager.o
                0x08004bd8                void _bn::assert::show_args<char [57], int, char [4], int>(char const*, char const*, char const*, int, char const (&) [57], int const&, char const (&) [4], int const&)
 .text._ZN2bn11bgs_manager14update_camerasEv
                0x08004c34      0x2b4 bn_bgs_manager.o
                0x08004c34                bn::bgs_manager::update_cameras()
 .text._ZN3_bn6assert9show_argsIA27_cEEvPKcS4_S4_iRKT_
                0x08004ee8       0x50 bn_bgs_manager.o
                0x08004ee8                void _bn::assert::show_args<char [27]>(char const*, char const*, char const*, int, char const (&) [27])
 .text._ZN2bn11bgs_manager15rebuild_handlesEv.part.0
                0x08004f38      0x198 bn_bgs_manager.o
 .text._ZN2bn11bgs_manager37fill_hblank_effect_regular_attributesEPvPKNS_21regular_bg_attributesEPt
                0x080050d0      0x100 bn_bgs_manager.o
                0x080050d0                bn::bgs_manager::fill_hblank_effect_regular_attributes(void*, bn::regular_bg_attributes const*, unsigned short*)
 .text._ZN2bn11bgs_manager6updateEv
                0x080051d0      0x1d0 bn_bgs_manager.o
                0x080051d0                bn::bgs_manager::update()
 .text._ZN2bn11bgs_manager15commit_big_mapsEv
                0x080053a0      0x1d4 bn_bgs_manager.o
                0x080053a0                bn::bgs_manager::commit_big_maps()
 .text._ZN2bn11bgs_manager36fill_hblank_effect_affine_attributesEPvPKNS_20affine_bg_attributesEPt
                0x08005574      0x104 bn_bgs_manager.o
                0x08005574                bn::bgs_manager::fill_hblank_effect_affine_attributes(void*, bn::affine_bg_attributes const*, unsigned short*)
 .text._ZN2bn11bgs_manager12_GLOBAL__N_19item_type18update_regular_mapEv
                0x08005678      0x238 bn_bgs_manager.o
 .text._ZN2bn18regular_bg_builder11release_mapEv
                0x080058b0       0x78 bn_bgs_manager.o
                0x080058b0                bn::regular_bg_builder::release_map()
 .text._ZN2bn11bgs_manager11regular_mapEPv
                0x08005928       0x34 bn_bgs_manager.o
                0x08005928                bn::bgs_manager::regular_map(void*)
 .text._ZN2bn11bgs_manager10affine_mapEPv
                0x0800595c       0x34 bn_bgs_manager.o
                0x0800595c                bn::bgs_manager::affine_map(void*)
 .text._ZN3_bn6assert9show_argsIA15_cEEvPKcS4_S4_iRKT_
                0x08005990       0x50 bn_bgs_manager.o
                0x08005990                void _bn::assert::show_args<char [15]>(char const*, char const*, char const*, int, char const (&) [15])
 .text._ZN2bn11bgs_manager12_GLOBAL__N_112_insert_itemERNS1_9item_typeE
                0x080059e0      0x100 bn_bgs_manager.o
 .text._ZN3_bn6assert9show_argsIA13_cEEvPKcS4_S4_iRKT_
                0x08005ae0       0x50 bn_bgs_manager.o
                0x08005ae0                void _bn::assert::show_args<char [13]>(char const*, char const*, char const*, int, char const (&) [13])
 .text._ZN2bn11bgs_manager6createEONS_18regular_bg_builderE
                0x08005b30      0x1ec bn_bgs_manager.o
                0x08005b30                bn::bgs_manager::create(bn::regular_bg_builder&&)
 .text._ZNK2bn15regular_bg_item9create_bgENS_7fixed_tILi12EEES2_
                0x08005d1c       0x74 bn_bgs_manager.o
                0x08005d1c                bn::regular_bg_item::create_bg(bn::fixed_t<12>, bn::fixed_t<12>) const
 .text.startup._GLOBAL__sub_I__ZN2bn3bgs16used_items_countEv
                0x08005d90       0x80 bn_bgs_manager.o
 .text.exit._GLOBAL__sub_D__ZN2bn3bgs16used_items_countEv
                0x08005e10       0x14 bn_bgs_manager.o
 .text._ZN2bn10camera_ptrD2Ev
                0x08005e24       0x38 bn_cameras_manager.o
                0x08005e24                bn::camera_ptr::~camera_ptr()
                0x08005e24                bn::camera_ptr::~camera_ptr()
 .text._ZNK2bn10camera_ptr8positionEv
                0x08005e5c       0x14 bn_cameras_manager.o
                0x08005e5c                bn::camera_ptr::position() const
 .text._ZN2bn15cameras_manager4initEv
                0x08005e70       0x10 bn_cameras_manager.o
                0x08005e70                bn::cameras_manager::init()
 .text._ZN2bn15cameras_manager6updateEv
                0x08005e80       0x28 bn_cameras_manager.o
                0x08005e80                bn::cameras_manager::update()
 .text._ZN2bn4core12_GLOBAL__N_14stopEb.constprop.0
                0x08005ea8       0x54 bn_core.o
 .text._ZN2bn4core12_GLOBAL__N_111update_implEv
                0x08005efc       0xd8 bn_core.o
 .text._ZN2bn11string_viewC2EPKc
                0x08005fd4       0x1c bn_core.o
                0x08005fd4                bn::string_view::string_view(char const*)
                0x08005fd4                bn::string_view::string_view(char const*)
 .text._ZN2bn4core6updateEv
                0x08005ff0       0x68 bn_core.o
                0x08005ff0                bn::core::update()
 .text._ZN2bn4core4initERKNS_11string_viewE
                0x08006058       0x94 bn_core.o
                0x08006058                bn::core::init(bn::string_view const&)
 .text._ZN2bn4core4initEv
                0x080060ec       0x18 bn_core.o
                0x080060ec                bn::core::init()
 .text._ZN2bn4core9on_vblankEv
                0x08006104       0x2c bn_core.o
                0x08006104                bn::core::on_vblank()
 .text._ZN3_bn6assert4showEPKcS2_S2_iRKN2bn12istring_baseE
                0x08006130       0x80 bn_core.o
                0x08006130                _bn::assert::show(char const*, char const*, char const*, int, bn::istring_base const&)
 .text.startup._GLOBAL__sub_I__ZN2bn4core4initEv
                0x080061b0       0x44 bn_core.o
 .text._ZN2bn15display_manager12_GLOBAL__N_134_update_rect_windows_hw_boundariesEi
                0x080061f4       0x8c bn_display_manager.o
 .text._ZN2bn15display_manager4initEv
                0x08006280       0x40 bn_display_manager.o
                0x08006280                bn::display_manager::init()
 .text._ZN2bn15display_manager8set_modeEi
                0x080062c0       0x1c bn_display_manager.o
                0x080062c0                bn::display_manager::set_mode(int)
 .text._ZN2bn15display_manager14set_bg_enabledEib
                0x080062dc       0x1c bn_display_manager.o
                0x080062dc                bn::display_manager::set_bg_enabled(int, bool)
 .text._ZN2bn15display_manager15disable_all_bgsEv
                0x080062f8       0x18 bn_display_manager.o
                0x080062f8                bn::display_manager::disable_all_bgs()
 .text._ZN2bn15display_manager36fill_mosaic_hblank_effect_attributesEPKNS_17mosaic_attributesEPt
                0x08006310       0xb4 bn_display_manager.o
                0x08006310                bn::display_manager::fill_mosaic_hblank_effect_attributes(bn::mosaic_attributes const*, unsigned short*)
 .text._ZN2bn15display_manager23set_blending_bg_enabledEib
                0x080063c4       0x14 bn_display_manager.o
                0x080063c4                bn::display_manager::set_blending_bg_enabled(int, bool)
 .text._ZN2bn15display_manager32blending_transparency_top_weightEv
                0x080063d8       0x18 bn_display_manager.o
                0x080063d8                bn::display_manager::blending_transparency_top_weight()
 .text._ZN2bn15display_manager35blending_transparency_bottom_weightEv
                0x080063f0       0x28 bn_display_manager.o
                0x080063f0                bn::display_manager::blending_transparency_bottom_weight()
 .text._ZN2bn15display_manager51fill_blending_transparency_hblank_effect_attributesEPKNS_32blending_transparency_attributesEPt
                0x08006418       0x30 bn_display_manager.o
                0x08006418                bn::display_manager::fill_blending_transparency_hblank_effect_attributes(bn::blending_transparency_attributes const*, unsigned short*)
 .text._ZN2bn15display_manager21blending_fade_enabledEv
                0x08006448       0x10 bn_display_manager.o
                0x08006448                bn::display_manager::blending_fade_enabled()
 .text._ZN2bn15display_manager39fill_blending_fade_hblank_effect_alphasEPKNS_19blending_fade_alphaEPt
                0x08006458       0x24 bn_display_manager.o
                0x08006458                bn::display_manager::fill_blending_fade_hblank_effect_alphas(bn::blending_fade_alpha const*, unsigned short*)
 .text._ZN2bn15display_manager26update_windows_visible_bgsEv
                0x0800647c       0x10 bn_display_manager.o
                0x0800647c                bn::display_manager::update_windows_visible_bgs()
 .text._ZN2bn15display_manager36rect_window_hw_horizontal_boundariesEi
                0x0800648c       0x14 bn_display_manager.o
                0x0800648c                bn::display_manager::rect_window_hw_horizontal_boundaries(int)
 .text._ZN2bn15display_manager34rect_window_hw_vertical_boundariesEi
                0x080064a0       0x14 bn_display_manager.o
                0x080064a0                bn::display_manager::rect_window_hw_vertical_boundaries(int)
 .text._ZN2bn15display_manager52fill_rect_window_hblank_effect_horizontal_boundariesERKNS_4pairIiiEEPKNS1_INS_7fixed_tILi12EEES6_EEPt
                0x080064b4      0x13c bn_display_manager.o
                0x080064b4                bn::display_manager::fill_rect_window_hblank_effect_horizontal_boundaries(bn::pair<int, int> const&, bn::pair<bn::fixed_t<12>, bn::fixed_t<12> > const*, unsigned short*)
 .text._ZN2bn15display_manager50fill_rect_window_hblank_effect_vertical_boundariesERKNS_4pairIiiEEPKNS1_INS_7fixed_tILi12EEES6_EEPt
                0x080065f0      0x13c bn_display_manager.o
                0x080065f0                bn::display_manager::fill_rect_window_hblank_effect_vertical_boundaries(bn::pair<int, int> const&, bn::pair<bn::fixed_t<12>, bn::fixed_t<12> > const*, unsigned short*)
 .text._ZN2bn15display_manager36fill_green_swap_hblank_effect_statesEPKbPt
                0x0800672c       0x38 bn_display_manager.o
                0x0800672c                bn::display_manager::fill_green_swap_hblank_effect_states(bool const*, unsigned short*)
 .text._ZN2bn15display_manager14update_camerasEv
                0x08006764       0x40 bn_display_manager.o
                0x08006764                bn::display_manager::update_cameras()
 .text._ZN2bn15display_manager6updateEv
                0x080067a4      0x218 bn_display_manager.o
                0x080067a4                bn::display_manager::update()
 .text._ZN2bn15display_manager6commitEv
                0x080069bc      0x164 bn_display_manager.o
                0x080069bc                bn::display_manager::commit()
 .text._ZN2bn15display_manager4stopEv
                0x08006b20       0x28 bn_display_manager.o
                0x08006b20                bn::display_manager::stop()
 .text._ZN3_bn6assert9show_argsIA66_cEEvPKcS4_S4_iRKT_
                0x08006b48       0x50 bn_display_manager.o
                0x08006b48                void _bn::assert::show_args<char [66]>(char const*, char const*, char const*, int, char const (&) [66])
 .text.startup._GLOBAL__sub_I__ZNK2bn6window7show_bgERKNS_14regular_bg_ptrE
                0x08006b98       0x7c bn_display_manager.o
 .text.exit._GLOBAL__sub_D__ZNK2bn6window7show_bgERKNS_14regular_bg_ptrE
                0x08006c14       0x38 bn_display_manager.o
 .text._ZN2bn18igeneric_pool_baseC2EPci
                0x08006c4c       0x10 bn_generic_pool.o
                0x08006c4c                bn::igeneric_pool_base::igeneric_pool_base(char*, int)
                0x08006c4c                bn::igeneric_pool_base::igeneric_pool_base(char*, int)
 .text._ZN2bn18igeneric_pool_base5_freeEPc
                0x08006c5c       0x10 bn_generic_pool.o
                0x08006c5c                bn::igeneric_pool_base::_free(char*)
 .text._ZN3_bn6assert9show_argsIA18_cEEvPKcS4_S4_iRKT_
                0x08006c6c       0x50 bn_generic_pool.o
                0x08006c6c                void _bn::assert::show_args<char [18]>(char const*, char const*, char const*, int, char const (&) [18])
 .text._ZN2bn18igeneric_pool_baseD2Ev
                0x08006cbc       0x30 bn_generic_pool.o
                0x08006cbc                bn::igeneric_pool_base::~igeneric_pool_base()
                0x08006cbc                bn::igeneric_pool_base::~igeneric_pool_base()
 .text._ZN2bn18igeneric_pool_base9_allocateEv
                0x08006cec       0x48 bn_generic_pool.o
                0x08006cec                bn::igeneric_pool_base::_allocate()
 .text._ZN2bn12gpio_manager6commitEv
                0x08006d34       0x48 bn_gpio_manager.o
                0x08006d34                bn::gpio_manager::commit()
 .text._ZN2bn12gpio_manager4stopEv
                0x08006d7c       0x3c bn_gpio_manager.o
                0x08006d7c                bn::gpio_manager::stop()
 .text._ZN2bn22hblank_effects_manager12_GLOBAL__N_19item_type18_output_values_ptrEv
                0x08006db8       0x40 bn_hblank_effects_manager.o
 .text._ZN2bn22hblank_effects_manager7disableEv
                0x08006df8       0x24 bn_hblank_effects_manager.o
                0x08006df8                bn::hblank_effects_manager::disable()
 .text._ZN2bn22hblank_effects_manager6commitEv
                0x08006e1c       0x74 bn_hblank_effects_manager.o
                0x08006e1c                bn::hblank_effects_manager::commit()
 .text._ZN2bn22hblank_effects_manager12_GLOBAL__N_110_is_uint32ENS0_12handler_typeE
                0x08006e90       0x64 bn_hblank_effects_manager.o
 .text._ZN2bn22hblank_effects_manager12_GLOBAL__N_19item_type12check_updateEv
                0x08006ef4     0x16a0 bn_hblank_effects_manager.o
 .text._ZN2bn22hblank_effects_manager6updateEv
                0x08008594      0x1ec bn_hblank_effects_manager.o
                0x08008594                bn::hblank_effects_manager::update()
 .text._ZN2bn22hblank_effects_manager4initEv
                0x08008780       0xd4 bn_hblank_effects_manager.o
                0x08008780                bn::hblank_effects_manager::init()
 .text.startup._GLOBAL__sub_I__ZN2bn4hbes10used_countEv
                0x08008854       0xe8 bn_hblank_effects_manager.o
 .text._ZN2bn12hdma_manager7disableEv
                0x0800893c       0x30 bn_hdma_manager.o
                0x0800893c                bn::hdma_manager::disable()
 .text._ZN2bn12hdma_manager10force_stopEv
                0x0800896c       0x3c bn_hdma_manager.o
                0x0800896c                bn::hdma_manager::force_stop()
 .text._ZN2bn12hdma_manager6updateEv
                0x080089a8       0x6c bn_hdma_manager.o
                0x080089a8                bn::hdma_manager::update()
 .text._ZN2bn12hdma_manager6commitEb
                0x08008a14      0x118 bn_hdma_manager.o
                0x08008a14                bn::hdma_manager::commit(bool)
 .text.startup._GLOBAL__sub_I__ZN2bn4hdma7runningEv
                0x08008b2c       0x34 bn_hdma_manager.o
 .text._ZN2bn14keypad_manager4stopEv
                0x08008b60        0x4 bn_keypad_manager.o
                0x08008b60                bn::keypad_manager::stop()
 .text._ZN3_bn6assert9show_argsIJA19_ciA4_ciEEEvPKcS5_S5_iDpRKT_
                0x08008b64       0x6c bn_keypad_manager.o
                0x08008b64                void _bn::assert::show_args<char [19], int, char [4], int>(char const*, char const*, char const*, int, char const (&) [19], int const&, char const (&) [4], int const&)
 .text._ZN2bn14keypad_manager6updateEv
                0x08008bd0       0xa8 bn_keypad_manager.o
                0x08008bd0                bn::keypad_manager::update()
 .text._ZN3_bn6assert9show_argsIA24_ciEEvPKcS4_S4_iRKT_RKT0_
                0x08008c78       0x58 bn_keypad_manager.o
                0x08008c78                void _bn::assert::show_args<char [24], int>(char const*, char const*, char const*, int, char const (&) [24], int const&)
 .text._ZN2bn14keypad_manager4initERKNS_11string_viewE
                0x08008cd0       0x58 bn_keypad_manager.o
                0x08008cd0                bn::keypad_manager::init(bn::string_view const&)
 .text._ZN3_bn6assert9show_argsIA16_cEEvPKcS4_S4_iRKT_
                0x08008d28       0x50 bn_keypad_manager.o
                0x08008d28                void _bn::assert::show_args<char [16]>(char const*, char const*, char const*, int, char const (&) [16])
 .text._ZN2bn12link_manager4initEv
                0x08008d78        0xc bn_link_manager.o
                0x08008d78                bn::link_manager::init()
 .text._ZN2bn12link_manager6activeEv
                0x08008d84        0xc bn_link_manager.o
                0x08008d84                bn::link_manager::active()
 .text._ZN2bn12link_manager7disableEv
                0x08008d90       0x18 bn_link_manager.o
                0x08008d90                bn::link_manager::disable()
 .text._ZN2bn3logERKNS_12istring_baseE
                0x08008da8        0xc bn_log.o
                0x08008da8                bn::log(bn::istring_base const&)
 .text._ZN2bn14memory_manager4initEv
                0x08008db4       0x20 bn_memory_manager.o
                0x08008db4                bn::memory_manager::init()
 .text.exit._GLOBAL__sub_D__Znwj
                0x08008dd4       0x14 bn_memory_manager.o
 .text._ZN2bn2hw8palettes9grayscaleEPKNS_5colorEiiPS2_.part.0
                0x08008de8       0x40 bn_palettes_manager.o
 .text._ZN2bn14bg_palette_ptrC2ERKS0_
                0x08008e28       0x2c bn_palettes_manager.o
                0x08008e28                bn::bg_palette_ptr::bg_palette_ptr(bn::bg_palette_ptr const&)
                0x08008e28                bn::bg_palette_ptr::bg_palette_ptr(bn::bg_palette_ptr const&)
 .text._ZNK2bn14bg_palette_ptr3bppEv
                0x08008e54       0x20 bn_palettes_manager.o
                0x08008e54                bn::bg_palette_ptr::bpp() const
 .text._ZNK2bn18sprite_palette_ptr3bppEv
                0x08008e74       0x1c bn_palettes_manager.o
                0x08008e74                bn::sprite_palette_ptr::bpp() const
 .text._ZNK2bn13palettes_bank10log_statusEv
                0x08008e90      0x188 bn_palettes_manager.o
                0x08008e90                bn::palettes_bank::log_status() const
 .text._ZNK2bn13palettes_bank20retrieve_commit_dataEv
                0x08009018       0x4c bn_palettes_manager.o
                0x08009018                bn::palettes_bank::retrieve_commit_data() const
 .text._ZNK2bn13palettes_bank12_same_colorsERKNS_4spanIKNS_5colorEEEi
                0x08009064       0x50 bn_palettes_manager.o
                0x08009064                bn::palettes_bank::_same_colors(bn::span<bn::color const> const&, int) const
 .text._ZN2bn13palettes_bank10find_bpp_4ERKNS_4spanIKNS_5colorEEEt
                0x080090b4       0xdc bn_palettes_manager.o
                0x080090b4                bn::palettes_bank::find_bpp_4(bn::span<bn::color const> const&, unsigned short)
 .text._ZNK2bn13palettes_bank21_apply_global_effectsEiPNS_5colorE
                0x08009190      0x13c bn_palettes_manager.o
                0x08009190                bn::palettes_bank::_apply_global_effects(int, bn::color*) const
 .text._ZNK2bn13palettes_bank25fill_hblank_effect_colorsEPKNS_5colorEPt
                0x080092cc       0x30 bn_palettes_manager.o
                0x080092cc                bn::palettes_bank::fill_hblank_effect_colors(bn::color const*, unsigned short*) const
 .text._ZNK2bn13palettes_bank7palette13apply_effectsEiPNS_5colorE
                0x080092fc       0xbc bn_palettes_manager.o
                0x080092fc                bn::palettes_bank::palette::apply_effects(int, bn::color*) const
 .text._ZNK2bn13palettes_bank25fill_hblank_effect_colorsEiPKNS_5colorEPt
                0x080093b8       0x44 bn_palettes_manager.o
                0x080093b8                bn::palettes_bank::fill_hblank_effect_colors(int, bn::color const*, unsigned short*) const
 .text._ZN2bn13palettes_bank15_update_paletteEi
                0x080093fc       0x6c bn_palettes_manager.o
                0x080093fc                bn::palettes_bank::_update_palette(int)
 .text._ZN2bn13palettes_bank6updateEv
                0x08009468      0x124 bn_palettes_manager.o
                0x08009468                bn::palettes_bank::update()
 .text._ZN2bn13palettes_bankC2Ev
                0x0800958c       0xcc bn_palettes_manager.o
                0x0800958c                bn::palettes_bank::palettes_bank()
                0x0800958c                bn::palettes_bank::palettes_bank()
 .text._ZN2bn16palettes_manager20sprite_palettes_bankEv
                0x08009658        0x8 bn_palettes_manager.o
                0x08009658                bn::palettes_manager::sprite_palettes_bank()
 .text._ZN2bn16palettes_manager16bg_palettes_bankEv
                0x08009660        0x8 bn_palettes_manager.o
                0x08009660                bn::palettes_manager::bg_palettes_bank()
 .text._ZN2bn16palettes_manager6updateEv
                0x08009668       0x20 bn_palettes_manager.o
                0x08009668                bn::palettes_manager::update()
 .text._ZN2bn16palettes_manager6commitEb
                0x08009688       0xf4 bn_palettes_manager.o
                0x08009688                bn::palettes_manager::commit(bool)
 .text._ZN2bn16palettes_manager4stopEv
                0x0800977c       0x20 bn_palettes_manager.o
                0x0800977c                bn::palettes_manager::stop()
 .text._ZN3_bn6assert9show_argsIA35_cEEvPKcS4_S4_iRKT_
                0x0800979c       0x50 bn_palettes_manager.o
                0x0800979c                void _bn::assert::show_args<char [35]>(char const*, char const*, char const*, int, char const (&) [35])
 .text._ZN2bn13palettes_bank11colors_hashERKNS_4spanIKNS_5colorEEE
                0x080097ec       0x50 bn_palettes_manager.o
                0x080097ec                bn::palettes_bank::colors_hash(bn::span<bn::color const> const&)
 .text._ZN3_bn6assert9show_argsIJA43_ciA36_cA42_cEEEvPKcS6_S6_iDpRKT_
                0x0800983c       0x68 bn_palettes_manager.o
                0x0800983c                void _bn::assert::show_args<char [43], int, char [36], char [42]>(char const*, char const*, char const*, int, char const (&) [43], int const&, char const (&) [36], char const (&) [42])
 .text._ZN2bn13palettes_bank12create_bpp_8ERKNS_4spanIKNS_5colorEEENS_16compression_typeEb
                0x080098a4      0x22c bn_palettes_manager.o
                0x080098a4                bn::palettes_bank::create_bpp_8(bn::span<bn::color const> const&, bn::compression_type, bool)
 .text._ZNK2bn15bg_palette_item10decompressENS_4spanINS_5colorEEE
                0x08009ad0      0x174 bn_palettes_manager.o
                0x08009ad0                bn::bg_palette_item::decompress(bn::span<bn::color>) const
 .text._ZN2bn13palettes_bank12create_bpp_4ERKNS_4spanIKNS_5colorEEEtb
                0x08009c44      0x298 bn_palettes_manager.o
                0x08009c44                bn::palettes_bank::create_bpp_4(bn::span<bn::color const> const&, unsigned short, bool)
 .text._ZN2bn12_GLOBAL__N_112_create_implERKNS_15bg_palette_itemEb
                0x08009edc       0x94 bn_palettes_manager.o
 .text._ZN2bn14bg_palette_ptr6createERKNS_15bg_palette_itemE
                0x08009f70       0x54 bn_palettes_manager.o
                0x08009f70                bn::bg_palette_ptr::create(bn::bg_palette_item const&)
 .text._ZNK2bn15bg_palette_item14create_paletteEv
                0x08009fc4       0x10 bn_palettes_manager.o
                0x08009fc4                bn::bg_palette_item::create_palette() const
 .text._ZN2bn14iunordered_mapItsNS_13palettes_bank15identity_hasherENS_8equal_toItEEE5eraseERKNS5_14const_iteratorE.isra.0
                0x08009fd4      0x170 bn_palettes_manager.o
 .text._ZN2bn13palettes_bank15decrease_usagesEi.part.0
                0x0800a144       0xdc bn_palettes_manager.o
 .text._ZN2bn14bg_palette_ptrD2Ev
                0x0800a220       0x3c bn_palettes_manager.o
                0x0800a220                bn::bg_palette_ptr::~bg_palette_ptr()
                0x0800a220                bn::bg_palette_ptr::~bg_palette_ptr()
 .text._ZN2bn14bg_palette_ptraSERKS0_
                0x0800a25c       0x5c bn_palettes_manager.o
                0x0800a25c                bn::bg_palette_ptr::operator=(bn::bg_palette_ptr const&)
 .text.startup._GLOBAL__sub_I__ZN2bn11bg_palettes17used_colors_countEv
                0x0800a2b8       0x20 bn_palettes_manager.o
 .text._ZNK2bn21sprite_affine_mat_ptr15horizontal_flipEv
                0x0800a2d8       0x18 bn_sprite_affine_mats_manager.o
                0x0800a2d8                bn::sprite_affine_mat_ptr::horizontal_flip() const
 .text._ZNK2bn21sprite_affine_mat_ptr13vertical_flipEv
                0x0800a2f0       0x18 bn_sprite_affine_mats_manager.o
                0x0800a2f0                bn::sprite_affine_mat_ptr::vertical_flip() const
 .text._ZN2bn26sprite_affine_mats_manager20retrieve_commit_dataEv
                0x0800a308       0x38 bn_sprite_affine_mats_manager.o
                0x0800a308                bn::sprite_affine_mats_manager::retrieve_commit_data()
 .text._ZN2bn26sprite_affine_mats_manager15decrease_usagesEi.part.0
                0x0800a340       0x68 bn_sprite_affine_mats_manager.o
 .text._ZN2bn21sprite_affine_mat_ptrD2Ev
                0x0800a3a8       0x34 bn_sprite_affine_mats_manager.o
                0x0800a3a8                bn::sprite_affine_mat_ptr::~sprite_affine_mat_ptr()
                0x0800a3a8                bn::sprite_affine_mat_ptr::~sprite_affine_mat_ptr()
 .text._ZN2bn26sprite_affine_mats_manager6updateEv
                0x0800a3dc       0xa0 bn_sprite_affine_mats_manager.o
                0x0800a3dc                bn::sprite_affine_mats_manager::update()
 .text._ZN2bn26sprite_affine_mats_manager4initEPv
                0x0800a47c       0x6c bn_sprite_affine_mats_manager.o
                0x0800a47c                bn::sprite_affine_mats_manager::init(void*)
 .text._ZN2bn26sprite_affine_mats_manager14dettach_spriteEiRNS_24intrusive_list_node_typeE
                0x0800a4e8       0x4c bn_sprite_affine_mats_manager.o
                0x0800a4e8                bn::sprite_affine_mats_manager::dettach_sprite(int, bn::intrusive_list_node_type&)
 .text.startup._GLOBAL__sub_I__ZN2bn18sprite_affine_mats10used_countEv
                0x0800a534       0x98 bn_sprite_affine_mats_manager.o
 .text.exit._GLOBAL__sub_D__ZN2bn18sprite_affine_mats10used_countEv
                0x0800a5cc       0x3c bn_sprite_affine_mats_manager.o
 .text._ZNK2bn16sprite_tiles_ptr2idEv
                0x0800a608       0x18 bn_sprite_tiles_manager.o
                0x0800a608                bn::sprite_tiles_ptr::id() const
 .text._ZNK2bn16sprite_tiles_ptr11tiles_countEv
                0x0800a620       0x18 bn_sprite_tiles_manager.o
                0x0800a620                bn::sprite_tiles_ptr::tiles_count() const
 .text._ZN2bn20sprite_tiles_manager19commit_uncompressedEb
                0x0800a638       0xdc bn_sprite_tiles_manager.o
                0x0800a638                bn::sprite_tiles_manager::commit_uncompressed(bool)
 .text._ZN2bn20sprite_tiles_manager17commit_compressedEv
                0x0800a714       0xe4 bn_sprite_tiles_manager.o
                0x0800a714                bn::sprite_tiles_manager::commit_compressed()
 .text._ZN2bn20sprite_tiles_manager4initEv
                0x0800a7f8       0xf4 bn_sprite_tiles_manager.o
                0x0800a7f8                bn::sprite_tiles_manager::init()
 .text._ZN2bn20sprite_tiles_manager12_GLOBAL__N_117_insert_free_itemEiPt
                0x0800a8ec       0xcc bn_sprite_tiles_manager.o
 .text._ZN2bn20sprite_tiles_manager12_GLOBAL__N_116_erase_free_itemEi
                0x0800a9b8       0xe4 bn_sprite_tiles_manager.o
 .text._ZN2bn14iunordered_mapIPKNS_4tileEiNS_4hashIS3_EENS_8equal_toIS3_EEE5eraseERKNS8_14const_iteratorE.isra.0
                0x0800aa9c      0x178 bn_sprite_tiles_manager.o
 .text._ZN2bn20sprite_tiles_manager6updateEv
                0x0800ac14      0x234 bn_sprite_tiles_manager.o
                0x0800ac14                bn::sprite_tiles_manager::update()
 .text.startup._GLOBAL__sub_I__ZN2bn12sprite_tiles16used_tiles_countEv
                0x0800ae48      0x11c bn_sprite_tiles_manager.o
 .text._ZN2bn15sprites_manager12_GLOBAL__N_125_update_indexes_to_commitERKNS_20sprites_manager_itemE
                0x0800af64       0x48 bn_sprites_manager.o
 .text._ZN2bn13ostringstream11append_argsIiJA4_ciEEEvRKT_DpRKT0_.isra.0
                0x0800afac       0x24 bn_sprites_manager.o
 .text._ZN2bn15sprites_manager12_GLOBAL__N_123_update_item_dimensionsERNS_20sprites_manager_itemE
                0x0800afd0       0xcc bn_sprites_manager.o
 .text._ZN2bn15sprites_manager4initEv
                0x0800b09c       0x34 bn_sprites_manager.o
                0x0800b09c                bn::sprites_manager::init()
 .text._ZN2bn15sprites_manager5hw_idEPv
                0x0800b0d0        0x8 bn_sprites_manager.o
                0x0800b0d0                bn::sprites_manager::hw_id(void*)
 .text._ZN2bn15sprites_manager5shapeEPv
                0x0800b0d8        0x8 bn_sprites_manager.o
                0x0800b0d8                bn::sprites_manager::shape(void*)
 .text._ZN2bn15sprites_manager4sizeEPv
                0x0800b0e0        0x8 bn_sprites_manager.o
                0x0800b0e0                bn::sprites_manager::size(void*)
 .text._ZN2bn15sprites_manager10shape_sizeEPv
                0x0800b0e8       0x14 bn_sprites_manager.o
                0x0800b0e8                bn::sprites_manager::shape_size(void*)
 .text._ZN2bn15sprites_manager11hw_positionEPv
                0x0800b0fc        0x4 bn_sprites_manager.o
                0x0800b0fc                bn::sprites_manager::hw_position(void*)
 .text._ZN2bn15sprites_manager9view_modeEPv
                0x0800b100        0xc bn_sprites_manager.o
                0x0800b100                bn::sprites_manager::view_mode(void*)
 .text._ZN2bn15sprites_manager10affine_matEPv
                0x0800b10c        0x4 bn_sprites_manager.o
                0x0800b10c                bn::sprites_manager::affine_mat(void*)
 .text._ZN2bn15sprites_manager39fill_hblank_effect_horizontal_positionsEPviPKNS_7fixed_tILi12EEEPt
                0x0800b110       0x44 bn_sprites_manager.o
                0x0800b110                bn::sprites_manager::fill_hblank_effect_horizontal_positions(void*, int, bn::fixed_t<12> const*, unsigned short*)
 .text._ZN2bn15sprites_manager37fill_hblank_effect_vertical_positionsEPviPKNS_7fixed_tILi12EEEPt
                0x0800b154       0x44 bn_sprites_manager.o
                0x0800b154                bn::sprites_manager::fill_hblank_effect_vertical_positions(void*, int, bn::fixed_t<12> const*, unsigned short*)
 .text._ZN2bn15sprites_manager35fill_hblank_effect_first_attributesEiNS_12sprite_shapeENS_8bpp_modeEiPKNS_23sprite_first_attributesEPt
                0x0800b198      0x108 bn_sprites_manager.o
                0x0800b198                bn::sprites_manager::fill_hblank_effect_first_attributes(int, bn::sprite_shape, bn::bpp_mode, int, bn::sprite_first_attributes const*, unsigned short*)
 .text._ZN2bn15sprites_manager44fill_hblank_effect_regular_second_attributesEPviNS_11sprite_sizeEPKNS_32sprite_regular_second_attributesEPt
                0x0800b2a0       0x60 bn_sprites_manager.o
                0x0800b2a0                bn::sprites_manager::fill_hblank_effect_regular_second_attributes(void*, int, bn::sprite_size, bn::sprite_regular_second_attributes const*, unsigned short*)
 .text._ZN2bn15sprites_manager43fill_hblank_effect_affine_second_attributesEPviNS_11sprite_sizeEPKNS_31sprite_affine_second_attributesEPt
                0x0800b300       0x58 bn_sprites_manager.o
                0x0800b300                bn::sprites_manager::fill_hblank_effect_affine_second_attributes(void*, int, bn::sprite_size, bn::sprite_affine_second_attributes const*, unsigned short*)
 .text._ZN2bn15sprites_manager14update_camerasEv
                0x0800b358       0x2c bn_sprites_manager.o
                0x0800b358                bn::sprites_manager::update_cameras()
 .text._ZN2bn15sprites_manager6commitEb
                0x0800b384       0xa4 bn_sprites_manager.o
                0x0800b384                bn::sprites_manager::commit(bool)
 .text._ZNK2bn17sprite_shape_size11tiles_countENS_8bpp_modeE
                0x0800b428      0x150 bn_sprites_manager.o
                0x0800b428                bn::sprite_shape_size::tiles_count(bn::bpp_mode) const
 .text._ZN2bn15sprites_manager12_GLOBAL__N_118_remove_affine_matERNS_20sprites_manager_itemE
                0x0800b578       0xd4 bn_sprites_manager.o
 .text._ZN2bn15sprites_manager40remove_identity_affine_mat_if_not_neededEPv
                0x0800b64c       0x18 bn_sprites_manager.o
                0x0800b64c                bn::sprites_manager::remove_identity_affine_mat_if_not_needed(void*)
 .text._ZN2bn15sprites_manager7paletteEPv
                0x0800b664       0x34 bn_sprites_manager.o
                0x0800b664                bn::sprites_manager::palette(void*)
 .text._ZN2bn15sprites_manager6updateEv
                0x0800b698      0x17c bn_sprites_manager.o
                0x0800b698                bn::sprites_manager::update()
 .text._ZN3_bn6assert9show_argsIJA27_ciA4_ciEEEvPKcS5_S5_iDpRKT_
                0x0800b814       0x5c bn_sprites_manager.o
                0x0800b814                void _bn::assert::show_args<char [27], int, char [4], int>(char const*, char const*, char const*, int, char const (&) [27], int const&, char const (&) [4], int const&)
 .text._ZN2bn15sprites_manager35fill_hblank_effect_third_attributesENS_17sprite_shape_sizeEPKNS_23sprite_third_attributesEPt
                0x0800b870       0xb4 bn_sprites_manager.o
                0x0800b870                bn::sprites_manager::fill_hblank_effect_third_attributes(bn::sprite_shape_size, bn::sprite_third_attributes const*, unsigned short*)
 .text.startup._GLOBAL__sub_I__ZN2bn7sprites16used_items_countEv
                0x0800b924       0x9c bn_sprites_manager.o
 .text.exit._GLOBAL__sub_D__ZN2bn7sprites16used_items_countEv
                0x0800b9c0       0x4c bn_sprites_manager.o
 .text._ZN2bn13ostringstreamC2ERNS_12istring_baseE
                0x0800ba0c        0x8 bn_sstream.o
                0x0800ba0c                bn::ostringstream::ostringstream(bn::istring_base&)
                0x0800ba0c                bn::ostringstream::ostringstream(bn::istring_base&)
 .text._ZN2bn13ostringstream6appendEPKc
                0x0800ba14       0x88 bn_sstream.o
                0x0800ba14                bn::ostringstream::append(char const*)
 .text._ZN2bn13ostringstream6appendEi
                0x0800ba9c       0x9c bn_sstream.o
                0x0800ba9c                bn::ostringstream::append(int)
 .text._ZN2bn13ostringstream6appendERKNS_11string_viewE
                0x0800bb38       0x94 bn_sstream.o
                0x0800bb38                bn::ostringstream::append(bn::string_view const&)
 .text._ZN2bn13ostringstream6appendEj
                0x0800bbcc       0x9c bn_sstream.o
                0x0800bbcc                bn::ostringstream::append(unsigned int)
 .text._ZN2bn13ostringstream6appendEPKv
                0x0800bc68       0xe8 bn_sstream.o
                0x0800bc68                bn::ostringstream::append(void const*)
 .text._ZN2bn13ostringstream6appendEc
                0x0800bd50       0x44 bn_sstream.o
                0x0800bd50                bn::ostringstream::append(char)
 .text._ZN2bn5timerC2Ev
                0x0800bd94       0x18 bn_timer.o
                0x0800bd94                bn::timer::timer()
                0x0800bd94                bn::timer::timer()
 .text._ZNK2bn5timer13elapsed_ticksEv
                0x0800bdac       0x38 bn_timer.o
                0x0800bdac                bn::timer::elapsed_ticks() const
 .text._ZN2bn5timer7restartEv
                0x0800bde4       0x18 bn_timer.o
                0x0800bde4                bn::timer::restart()
 .text._ZN2bn2hw5audio12_GLOBAL__N_124_disabled_vblank_handlerEv
                0x0800bdfc       0x10 bn_hw_audio.o
 .text._ZN2bn2hw5audio12_GLOBAL__N_17_commitEv
                0x0800be0c       0x7c bn_hw_audio.o
 .text._ZN2bn2hw5audio12_GLOBAL__N_123_enabled_vblank_handlerEv
                0x0800be88       0x24 bn_hw_audio.o
 .text._ZN2bn2hw5audio4initEv
                0x0800beac       0x68 bn_hw_audio.o
                0x0800beac                bn::hw::audio::init()
 .text._ZN2bn2hw5audio7disableEv
                0x0800bf14       0x30 bn_hw_audio.o
                0x0800bf14                bn::hw::audio::disable()
 .text._ZN2bn2hw5audio13music_playingEv
                0x0800bf44       0x10 bn_hw_audio.o
                0x0800bf44                bn::hw::audio::music_playing()
 .text._ZN2bn2hw5audio10play_musicEib
                0x0800bf54       0x24 bn_hw_audio.o
                0x0800bf54                bn::hw::audio::play_music(int, bool)
 .text._ZN2bn2hw5audio10stop_musicEv
                0x0800bf78        0xc bn_hw_audio.o
                0x0800bf78                bn::hw::audio::stop_music()
 .text._ZN2bn2hw5audio11pause_musicEv
                0x0800bf84        0xc bn_hw_audio.o
                0x0800bf84                bn::hw::audio::pause_music()
 .text._ZN2bn2hw5audio12resume_musicEv
                0x0800bf90        0xc bn_hw_audio.o
                0x0800bf90                bn::hw::audio::resume_music()
 .text._ZN2bn2hw5audio14music_positionEv
                0x0800bf9c        0xc bn_hw_audio.o
                0x0800bf9c                bn::hw::audio::music_position()
 .text._ZN2bn2hw5audio18set_music_positionEi
                0x0800bfa8        0xc bn_hw_audio.o
                0x0800bfa8                bn::hw::audio::set_music_position(int)
 .text._ZN2bn2hw5audio16set_music_volumeEi
                0x0800bfb4        0xc bn_hw_audio.o
                0x0800bfb4                bn::hw::audio::set_music_volume(int)
 .text._ZN2bn2hw5audio15set_music_tempoEi
                0x0800bfc0        0xc bn_hw_audio.o
                0x0800bfc0                bn::hw::audio::set_music_tempo(int)
 .text._ZN2bn2hw5audio15set_music_pitchEi
                0x0800bfcc        0xc bn_hw_audio.o
                0x0800bfcc                bn::hw::audio::set_music_pitch(int)
 .text._ZN2bn2hw5audio22disable_vblank_handlerEv
                0x0800bfd8       0x14 bn_hw_audio.o
                0x0800bfd8                bn::hw::audio::disable_vblank_handler()
 .text._ZN2bn2hw5audio6updateEb
                0x0800bfec       0x18 bn_hw_audio.o
                0x0800bfec                bn::hw::audio::update(bool)
 .text._ZN2bn2hw5audio6commitEv
                0x0800c004       0x20 bn_hw_audio.o
                0x0800c004                bn::hw::audio::commit()
 .text._ZN2bn2hw5audio12_GLOBAL__N_119_add_sound_to_queueEit
                0x0800c024       0xa0 bn_hw_audio.o
 .text._ZN2bn2hw5audio15stop_all_soundsEv
                0x0800c0c4       0x6c bn_hw_audio.o
                0x0800c0c4                bn::hw::audio::stop_all_sounds()
 .text._ZN2bn2hw5audio12_GLOBAL__N_119_check_sounds_queueEv.part.0
                0x0800c130       0x98 bn_hw_audio.o
 .text._ZN2bn2hw5audio10play_soundEiiiii
                0x0800c1c8       0x44 bn_hw_audio.o
                0x0800c1c8                bn::hw::audio::play_sound(int, int, int, int, int)
 .text._ZN2bn2hw5audio10play_soundEii
                0x0800c20c       0x30 bn_hw_audio.o
                0x0800c20c                bn::hw::audio::play_sound(int, int)
 .text._ZN2bn2hw5audio19update_sounds_queueEv
                0x0800c23c       0x90 bn_hw_audio.o
                0x0800c23c                bn::hw::audio::update_sounds_queue()
 .text.startup._GLOBAL__sub_I__ZN2bn2hw5audio4initEv
                0x0800c2cc       0x30 bn_hw_audio.o
 .text.exit._GLOBAL__sub_D__ZN2bn2hw5audio4initEv
                0x0800c2fc       0x74 bn_hw_audio.o
 .text._ZN3_bn6assert9show_argsIA40_cEEvPKcS4_S4_iRKT_
                0x0800c370       0x50 bn_hw_common.bn_noflto.o
                0x0800c370                void _bn::assert::show_args<char [40]>(char const*, char const*, char const*, int, char const (&) [40])
 .text.__aeabi_idiv0
                0x0800c3c0       0x24 bn_hw_common.bn_noflto.o
                0x0800c3c0                __aeabi_idiv0
 .text._ZN2bn2hw8game_pak14_slow_game_pakEv
                0x0800c3e4       0x88 bn_hw_game_pak.bn_ewram.o
                0x0800c3e4                bn::hw::game_pak::_slow_game_pak()
 .text._ZN2bn2hw8game_pak4initEv
                0x0800c46c       0x28 bn_hw_game_pak.o
                0x0800c46c                bn::hw::game_pak::init()
 .text._ZN2bn2hw3irq4initEv
                0x0800c494        0xc bn_hw_irq.o
                0x0800c494                bn::hw::irq::init()
 .text._ZN2bn2hw3irq7set_isrENS1_2idEPFvvE
                0x0800c4a0       0x10 bn_hw_irq.o
                0x0800c4a0                bn::hw::irq::set_isr(bn::hw::irq::id, void (*)())
 .text._ZN2bn2hw3irq6enableENS1_2idE
                0x0800c4b0       0x10 bn_hw_irq.o
                0x0800c4b0                bn::hw::irq::enable(bn::hw::irq::id)
 .text._ZN2bn2hw3irq7disableENS1_2idE
                0x0800c4c0       0x10 bn_hw_irq.o
                0x0800c4c0                bn::hw::irq::disable(bn::hw::irq::id)
 .text._ZN2bn2hw4link12_GLOBAL__N_119_resetStateCallbackEv
                0x0800c4d0       0x4c bn_hw_link.o
 .text._ZN2bn2hw4link4initEv
                0x0800c51c       0xc0 bn_hw_link.o
                0x0800c51c                bn::hw::link::init()
 .text._ZN2bn2hw4link6activeEv
                0x0800c5dc       0x10 bn_hw_link.o
                0x0800c5dc                bn::hw::link::active()
 .text._ZN2bn2hw4link7disableEv
                0x0800c5ec       0x6c bn_hw_link.o
                0x0800c5ec                bn::hw::link::disable()
 .text._ZN2bn2hw4link6commitEv
                0x0800c658       0x30 bn_hw_link.o
                0x0800c658                bn::hw::link::commit()
 .text._ZN2bn2hw4link11_timer_intrEv
                0x0800c688       0xf8 bn_hw_link.o
                0x0800c688                bn::hw::link::_timer_intr()
 .text._ZN2bn2hw4link12_serial_intrEv
                0x0800c780      0x1bc bn_hw_link.o
                0x0800c780                bn::hw::link::_serial_intr()
 .text._ZN2bn2hw4link12_GLOBAL__N_117_sendDataCallbackEv
                0x0800c93c       0xe0 bn_hw_link.o
 .text._ZN2bn2hw4link12_GLOBAL__N_124_receiveResponseCallbackERK12LinkResponse
                0x0800ca1c      0x158 bn_hw_link.o
 .text.startup._GLOBAL__sub_I__ZN2bn2hw4link4initEv
                0x0800cb74       0x68 bn_hw_link.o
 .text._ZN2bn2hw3logERKNS_12istring_baseE
                0x0800cbdc       0x58 bn_hw_log.o
                0x0800cbdc                bn::hw::log(bn::istring_base const&)
 .text._ZN2bn2hw6memory4initEv
                0x0800cc34        0x4 bn_hw_memory.o
                0x0800cc34                bn::hw::memory::init()
 .text._ZN2bn2hw6memory16ewram_heap_startEv
                0x0800cc38        0x8 bn_hw_memory.o
                0x0800cc38                bn::hw::memory::ewram_heap_start()
 .text._ZN2bn2hw6memory14ewram_heap_endEv
                0x0800cc40        0x8 bn_hw_memory.o
                0x0800cc40                bn::hw::memory::ewram_heap_end()
 .text._ZN2bn2hw8palettes12_GLOBAL__N_110lut_effectEPKNS_5colorEPKhiPS3_
                0x0800cc48       0x40 bn_hw_palettes.o
 .text._ZN2bn2hw8palettes10brightnessEPKNS_5colorEiiPS2_
                0x0800cc88       0x54 bn_hw_palettes.o
                0x0800cc88                bn::hw::palettes::brightness(bn::color const*, int, int, bn::color*)
 .text._ZN2bn2hw8palettes8contrastEPKNS_5colorEiiPS2_
                0x0800ccdc       0x18 bn_hw_palettes.o
                0x0800ccdc                bn::hw::palettes::contrast(bn::color const*, int, int, bn::color*)
 .text._ZN2bn2hw8palettes9intensityEPKNS_5colorEiiPS2_
                0x0800ccf4       0x18 bn_hw_palettes.o
                0x0800ccf4                bn::hw::palettes::intensity(bn::color const*, int, int, bn::color*)
 .text._ZN2bn2hw8palettes9hue_shiftEPKNS_5colorEiiPS2_
                0x0800cd0c      0x154 bn_hw_palettes.o
                0x0800cd0c                bn::hw::palettes::hue_shift(bn::color const*, int, int, bn::color*)
 .text._ZN2bn2hw8palettes6rotateEPKNS_5colorEiiPS2_
                0x0800ce60       0x2c bn_hw_palettes.o
                0x0800ce60                bn::hw::palettes::rotate(bn::color const*, int, int, bn::color*)
 .text._ZN2bn2hw4show5errorERKNS_11system_fontERKNS_11string_viewES7_S7_iS7_S7_
                0x0800ce8c      0x318 bn_hw_show.o
                0x0800ce8c                bn::hw::show::error(bn::system_font const&, bn::string_view const&, bn::string_view const&, bn::string_view const&, int, bn::string_view const&, bn::string_view const&)
 .text._ZN2bn2hw4sram4initEv
                0x0800d1a4       0x18 bn_hw_sram.o
                0x0800d1a4                bn::hw::sram::init()
 .text._ZN2bn11system_fontC2Ev
                0x0800d1bc       0x18 bn_hw_system_font.o
                0x0800d1bc                bn::system_font::system_font()
                0x0800d1bc                bn::system_font::system_font()
 .text._ZNK2bn11system_font8tte_fontEv
                0x0800d1d4        0x4 bn_hw_system_font.o
                0x0800d1d4                bn::system_font::tte_font() const
 .text._ZN2bn2hw4text5parseEiRNS_5arrayIcLi32EEE
                0x0800d1d8       0xbc bn_hw_text.o
                0x0800d1d8                bn::hw::text::parse(int, bn::array<char, 32>&)
 .text._ZN2bn2hw4text5parseEjRNS_5arrayIcLi32EEE
                0x0800d294       0xa0 bn_hw_text.o
                0x0800d294                bn::hw::text::parse(unsigned int, bn::array<char, 32>&)
 .text._ZN2bn2hw4text5parseEPKvRNS_5arrayIcLi32EEE
                0x0800d334       0x30 bn_hw_text.o
                0x0800d334                bn::hw::text::parse(void const*, bn::array<char, 32>&)
 .text.clr_grayscale
                0x0800d364       0x78 tonc_color.o
                0x0800d364                clr_grayscale
 .text.sbmp16_rect
                0x0800d3dc       0x64 tonc_sbmp16.o
                0x0800d3dc                sbmp16_rect
 .text.bmp16_drawg_b1cts
                0x0800d440       0xb0 bmp16_drawg_b1cs.o
                0x0800d440                bmp16_drawg_b1cts
 .text.bmp16_erase
                0x0800d4f0       0x24 tte_init_bmp.o
                0x0800d4f0                bmp16_erase
 .text.tte_init_bmp
                0x0800d514       0x60 tte_init_bmp.o
                0x0800d514                tte_init_bmp
 .text.dummy_drawg
                0x0800d574        0x4 tte_main.o
                0x0800d574                dummy_drawg
 .text.dummy_erase
                0x0800d578        0x4 tte_main.o
                0x0800d578                dummy_erase
 .text.tte_init_base
                0x0800d57c       0x68 tte_main.o
                0x0800d57c                tte_init_base
 .text.utf8_decode_char
                0x0800d5e4       0xb4 tte_main.o
                0x0800d5e4                utf8_decode_char
 .text.tte_write
                0x0800d698       0xe8 tte_main.o
                0x0800d698                tte_write
 .text.tte_get_text_size
                0x0800d780       0xa4 tte_main.o
                0x0800d780                tte_get_text_size
 .text.tte_set_margins
                0x0800d824       0x18 tte_main.o
                0x0800d824                tte_set_margins
 .text.IRQ_Init
                0x0800d83c       0x48 interrupts_gba.o
                0x0800d83c                IRQ_Init
 .text.IRQ_SetHandler
                0x0800d884       0x10 interrupts_gba.o
                0x0800d884                IRQ_SetHandler
 .text.IRQ_Enable
                0x0800d894       0x64 interrupts_gba.o
                0x0800d894                IRQ_Enable
 .text.IRQ_Disable
                0x0800d8f8       0x60 interrupts_gba.o
                0x0800d8f8                IRQ_Disable
 .text.channel3_refresh_registers
                0x0800d958       0xd0 gbt_player.o
 .text.gbt_refresh_pattern_ptr
                0x0800da28       0x84 gbt_player.o
 .text.gbt_ch1234_nop
                0x0800daac        0x4 gbt_player.o
 .text.gbt_ch1234_speed
                0x0800dab0       0x10 gbt_player.o
 .text.gbt_ch1234_jump_pattern
                0x0800dac0       0x14 gbt_player.o
 .text.gbt_ch1234_jump_position
                0x0800dad4       0x1c gbt_player.o
 .text.gbt_ch1234_event
                0x0800daf0       0x24 gbt_player.o
 .text.gbt_ch1_pan
                0x0800db14       0x10 gbt_player.o
 .text.gbt_ch1_cut_note
                0x0800db24       0x10 gbt_player.o
 .text.gbt_ch1_arpeggio
                0x0800db34       0x34 gbt_player.o
 .text.gbt_ch1_vibrato
                0x0800db68       0x20 gbt_player.o
 .text.gbt_ch1_volslide
                0x0800db88       0x10 gbt_player.o
 .text.gbt_ch2_pan
                0x0800db98       0x10 gbt_player.o
 .text.gbt_ch2_cut_note
                0x0800dba8       0x10 gbt_player.o
 .text.gbt_ch2_arpeggio
                0x0800dbb8       0x34 gbt_player.o
 .text.gbt_ch2_vibrato
                0x0800dbec       0x20 gbt_player.o
 .text.gbt_ch2_volslide
                0x0800dc0c       0x10 gbt_player.o
 .text.gbt_ch3_pan
                0x0800dc1c       0x10 gbt_player.o
 .text.gbt_ch3_cut_note
                0x0800dc2c       0x10 gbt_player.o
 .text.gbt_ch3_arpeggio
                0x0800dc3c       0x34 gbt_player.o
 .text.gbt_ch3_vibrato
                0x0800dc70       0x20 gbt_player.o
 .text.gbt_ch4_pan
                0x0800dc90       0x14 gbt_player.o
 .text.gbt_ch4_cut_note
                0x0800dca4       0x10 gbt_player.o
 .text.gbt_ch4_volslide
                0x0800dcb4       0x10 gbt_player.o
 .text.gbt_update_refresh_panning
                0x0800dcc4       0x50 gbt_player.o
 .text.gbt_run_startup_commands.part.0
                0x0800dd14       0xd0 gbt_player.o
 .text.gbt_update_effects_internal
                0x0800dde4      0x2cc gbt_player.o
 .text.gbt_play
                0x0800e0b0      0x1dc gbt_player.o
                0x0800e0b0                gbt_play
 .text.gbt_volume
                0x0800e28c       0x68 gbt_player.o
                0x0800e28c                gbt_volume
 .text.gbt_is_playing
                0x0800e2f4        0xc gbt_player.o
                0x0800e2f4                gbt_is_playing
 .text.gbt_pause
                0x0800e300       0x48 gbt_player.o
                0x0800e300                gbt_pause
 .text.gbt_loop
                0x0800e348        0xc gbt_player.o
                0x0800e348                gbt_loop
 .text.gbt_stop
                0x0800e354       0x24 gbt_player.o
                0x0800e354                gbt_stop
 .text.gbt_update
                0x0800e378      0x678 gbt_player.o
                0x0800e378                gbt_update
 .text.gbt_get_position
                0x0800e9f0       0x4c gbt_player.o
                0x0800e9f0                gbt_get_position
 .text.gbt_set_position
                0x0800ea3c       0xe0 gbt_player.o
                0x0800ea3c                gbt_set_position
 .text          0x0800eb1c       0x8c tonc_bios.o
                0x0800eb1c                SoftReset
                0x0800eb20                RegisterRamReset
                0x0800eb24                Halt
                0x0800eb28                Stop
                0x0800eb2c                IntrWait
                0x0800eb30                VBlankIntrWait
                0x0800eb34                Div
                0x0800eb38                DivArm
                0x0800eb3c                Sqrt
                0x0800eb40                ArcTan
                0x0800eb44                ArcTan2
                0x0800eb48                CpuSet
                0x0800eb4c                CpuFastSet
                0x0800eb50                BiosCheckSum
                0x0800eb54                BgAffineSet
                0x0800eb58                ObjAffineSet
                0x0800eb5c                BitUnPack
                0x0800eb60                LZ77UnCompWram
                0x0800eb64                LZ77UnCompVram
                0x0800eb68                HuffUnComp
                0x0800eb6c                RLUnCompWram
                0x0800eb70                RLUnCompVram
                0x0800eb74                Diff8bitUnFilterWram
                0x0800eb78                Diff8bitUnFilterVram
                0x0800eb7c                Diff16bitUnFilter
                0x0800eb80                SoundBias
                0x0800eb84                SoundDriverInit
                0x0800eb88                SoundDriverMode
                0x0800eb8c                SoundDriverMain
                0x0800eb90                SoundDriverVSync
                0x0800eb94                SoundChannelClear
                0x0800eb98                MidiKey2Freq
                0x0800eb9c                MultiBoot
                0x0800eba0                SoundDriverVSyncOff
                0x0800eba4                SoundDriverVSyncOn
 .text          0x0800eba8       0x3c tonc_memset.o
                0x0800eba8                memset16
 .text          0x0800ebe4      0x26c posprintf.o
                0x0800ebe8                posprintf
 .text          0x0800ee50     0x1570 C:/devkitPro/libgba/lib\libmm.a(mm_mas.o)
                0x0800eec4                mmStart
                0x0800eee4                mmJingle
                0x0800eeea                mmPlayModule
                0x0800efb4                mmPause
                0x0800efd0                mmResume
                0x0800efe0                mmActive
                0x0800efe6                mmActiveSub
                0x0800efec                mmSetModuleVolume
                0x0800effc                mmSetJingleVolume
                0x0800f038                mmGetPositionTick
                0x0800f03e                mmGetPositionRow
                0x0800f044                mmGetPosition
                0x0800f04a                mmPosition
                0x0800f064                mmSetModuleTempo
                0x0800f096                mmSetModulePitch
                0x0800f0d8                mmStop
                0x0800f19e                mppUpdateSub
                0x0800f2fa                mpp_Process_VolumeCommand
                0x0800f532                mpp_Process_Effect
                0x0800fc80                ST3_FREQTABLE
                0x080100a0                IT_PitchTable
 .text          0x080103c0       0x14 C:/devkitPro/libgba/lib\libmm.a(mm_main.o)
                0x080103c0                mpp_call_r7
                0x080103c2                mpp_call_r1
                0x080103c4                mpp_call_r2
                0x080103c6                mpp_call_r3
                0x080103c8                mmSetEventHandler
 .text          0x080103d4      0x314 C:/devkitPro/libgba/lib\libmm.a(mm_effect.o)
                0x080103d4                mmResetEffects
                0x08010400                mmEffect
                0x08010416                mmEffectEx
                0x08010516                mmEffectActive
                0x0801054a                mmEffectVolume
                0x08010566                mmEffectPanning
                0x0801057a                mmEffectRate
                0x0801058e                mmEffectCancel
                0x080105c8                mmEffectRelease
                0x080105ee                mmEffectScaleRate
                0x08010602                mmSetEffectsVolume
                0x08010610                mmEffectCancelAll
                0x08010650                mmUpdateEffects
 .text          0x080106e8      0x1e0 C:/devkitPro/libgba/lib\libmm.a(mm_mixer_gba.o)
                0x080106e8                mmMixerSetSource
                0x080106fc                mmMixerSetRead
                0x0801070a                mmMixerSetFreq
                0x0801071a                mmMixerMulFreq
                0x0801072e                mmMixerStopChannel
                0x08010740                mmMixerChannelActive
                0x08010752                mmMixerSetVolume
                0x08010760                mmMixerSetPan
                0x0801076e                mmMixerInit
 .text          0x080108c8      0x12c C:/devkitPro/libgba/lib\libmm.a(mm_main_gba.o)
                0x080108c8                mmInit
                0x0801091c                mmSetVBlankHandler
                0x08010922                mmFrame
 .text          0x080109f4       0x3c c:/devkitpro/devkitarm/bin/../lib/gcc/arm-none-eabi/12.2.0/thumb\libgcc.a(_call_via_rX.o)
                0x080109f4                _call_via_r0
                0x080109f8                _call_via_r1
                0x080109fc                _call_via_r2
                0x08010a00                _call_via_r3
                0x08010a04                _call_via_r4
                0x08010a08                _call_via_r5
                0x08010a0c                _call_via_r6
                0x08010a10                _call_via_r7
                0x08010a14                _call_via_r8
                0x08010a18                _call_via_r9
                0x08010a1c                _call_via_sl
                0x08010a20                _call_via_fp
                0x08010a24                _call_via_ip
                0x08010a28                _call_via_sp
                0x08010a2c                _call_via_lr
 .text.__libc_init_array
                0x08010a30       0x54 c:/devkitpro/devkitarm/bin/../lib/gcc/arm-none-eabi/12.2.0/../../../../arm-none-eabi/lib/thumb\libg.a(libc_a-init.o)
                0x08010a30                __libc_init_array
 *fill*         0x08010a84        0x4 ff
 .text.__libc_init_array.__stub
                0x08010a88       0xb4 linker stubs
 *(.gnu.linkonce.t.*)
 *(.text.*personality*)
 *(.gnu.warning)
 *(.glue_7t)
 .glue_7t       0x08010b78        0x0 linker stubs
 *(.glue_7)
 .glue_7        0x08010b78        0x0 linker stubs
 *(.vfp11_veneer)
 .vfp11_veneer  0x08010b78        0x0 linker stubs
                0x08010b78                        . = ALIGN (0x4)
                0x08010b78                        __text_end = .

.v4_bx          0x08010b78        0x0
 .v4_bx         0x08010b78        0x0 linker stubs

.iplt           0x08010b78        0x0
 .iplt          0x08010b78        0x0 c:/devkitpro/devkitarm/bin/../lib/gcc/arm-none-eabi/12.2.0/../../../../arm-none-eabi/lib/thumb/gba_crt0.o

.fini           0x08010b78        0xc
 *(.fini)
 .fini          0x08010b78        0x4 c:/devkitpro/devkitarm/bin/../lib/gcc/arm-none-eabi/12.2.0/thumb/crti.o
                0x08010b78                _fini
 .fini          0x08010b7c        0x8 c:/devkitpro/devkitarm/bin/../lib/gcc/arm-none-eabi/12.2.0/thumb/crtn.o
                0x08010b84                        . = ALIGN (0x4)

.rodata         0x08010b84   0x482840
 *(.rodata)
 .rodata        0x08010b84     0x49e0 rick_bn_gfx.o
                0x08010b84                rick_bn_gfxTiles
                0x08014da8                rick_bn_gfxMap
                0x08015364                rick_bn_gfxPal
 .rodata        0x08015564       0x10 bn_sprite_tiles_manager.o
 .rodata        0x08015574       0x90 gbt_player.o
 .rodata        0x08015604      0xef8 verdana9.o
                0x08015604                verdana9Font
                0x0801561c                verdana9Glyphs
                0x0801641c                verdana9Widths
 *all.rodata*(*)
 *(.roda)
 *(.rodata.*)
 .rodata._bn_audio_soundbank_bin
                0x080164fc   0x47a1a8 _bn_audio_soundbank.bin.o
                0x080164fc                _bn_audio_soundbank_bin
                0x084906a4                _bn_audio_soundbank_bin_end
 .rodata._ZN2bn11sound_items4songE
                0x084906a4        0x4 main.o
                0x084906a4                bn::sound_items::song
 .rodata._ZN2bn16regular_bg_items4rickE
                0x084906a8       0x28 main.o
                0x084906a8                bn::regular_bg_items::rick
 .rodata._ZN2bn13audio_manager16execute_commandsEv.str1.4
                0x084906d0       0x8a bn_audio_manager.o
 *fill*         0x0849075a        0x2 ff
 .rodata._ZN2bn13audio_manager16execute_commandsEv
                0x0849075c       0x44 bn_audio_manager.o
 .rodata._ZN2bn13audio_manager10play_musicENS_10music_itemENS_7fixed_tILi12EEEb.str1.4
                0x084907a0       0x45 bn_audio_manager.o
                                 0x49 (size before relaxing)
 *fill*         0x084907e5        0x3 ff
 .rodata._ZN2bn13audio_manager10play_soundEiNS_10sound_itemE.str1.4
                0x084907e8        0xb bn_audio_manager.o
 *fill*         0x084907f3        0x1 ff
 .rodata._ZN2bn13audio_manager15stop_all_soundsEv.str1.4
                0x084907f4       0x10 bn_audio_manager.o
 .rodata._ZN2bn13audio_manager10stop_musicEv.str1.4
                0x08490804       0x25 bn_audio_manager.o
 *fill*         0x08490829        0x3 ff
 .rodata._ZN2bn18best_fit_allocatorD2Ev.str1.4
                0x0849082c       0x47 bn_best_fit_allocator.o
                                 0x4b (size before relaxing)
 *fill*         0x08490873        0x1 ff
 .rodata._ZN2bn18best_fit_allocator5allocEi.str1.4
                0x08490874       0x24 bn_best_fit_allocator.o
 .rodata._ZN2bn18best_fit_allocator5resetEPvi.str1.4
                0x08490898       0x81 bn_best_fit_allocator.o
 *fill*         0x08490919        0x3 ff
 .rodata._ZN2bn17bg_blocks_manager10log_statusEv.str1.4
                0x0849091c       0xe9 bn_bg_blocks_manager.o
                                0x109 (size before relaxing)
 *fill*         0x08490a05        0x3 ff
 .rodata._ZNK2bn19regular_bg_map_item10decompressERtRKNS_4sizeE.str1.4
                0x08490a08      0x147 bn_bg_blocks_manager.o
                                0x14b (size before relaxing)
 *fill*         0x08490b4f        0x1 ff
 .rodata._ZN3_bn6assert9show_argsIJA37_cbA4_cbEEEvPKcS5_S5_iDpRKT_.str1.4
                0x08490b50        0xe bn_bg_blocks_manager.o
 *fill*         0x08490b5e        0x2 ff
 .rodata._ZN2bn17bg_blocks_manager12_GLOBAL__N_116_find_tiles_implEPKtNS_16compression_typeEib.str1.4
                0x08490b60      0x11a bn_bg_blocks_manager.o
 *fill*         0x08490c7a        0x2 ff
 .rodata._ZN2bn17bg_blocks_manager16affine_map_tilesEi.str1.4
                0x08490c7c       0x32 bn_bg_blocks_manager.o
 *fill*         0x08490cae        0x2 ff
 .rodata._ZN2bn17bg_blocks_manager14palette_offsetEi.str1.4
                0x08490cb0        0xb bn_bg_blocks_manager.o
 *fill*         0x08490cbb        0x1 ff
 .rodata._ZN2bn17bg_blocks_manager21set_regular_map_tilesEiONS_20regular_bg_tiles_ptrE.str1.4
                0x08490cbc       0x82 bn_bg_blocks_manager.o
 *fill*         0x08490d3e        0x2 ff
 .rodata._ZN2bn17bg_blocks_manager23set_regular_map_paletteEiONS_14bg_palette_ptrE.str1.4
                0x08490d40       0x8e bn_bg_blocks_manager.o
 *fill*         0x08490dce        0x2 ff
 .rodata._ZN2bn17bg_blocks_manager12_GLOBAL__N_121_find_affine_map_implERKNS_18affine_bg_map_itemERKNS_19affine_bg_tiles_ptrERKNS_14bg_palette_ptrE.str1.4
                0x08490dd0       0xfa bn_bg_blocks_manager.o
 *fill*         0x08490eca        0x2 ff
 .rodata._ZN2bn17bg_blocks_manager33set_regular_map_tiles_and_paletteEiONS_20regular_bg_tiles_ptrEONS_14bg_palette_ptrE.str1.4
                0x08490ecc       0x99 bn_bg_blocks_manager.o
 *fill*         0x08490f65        0x3 ff
 .rodata._ZN2bn17bg_blocks_manager12_GLOBAL__N_122_find_regular_map_implERKNS_19regular_bg_map_itemERKNS_20regular_bg_tiles_ptrERKNS_14bg_palette_ptrE.str1.4
                0x08490f68       0x2e bn_bg_blocks_manager.o
 *fill*         0x08490f96        0x2 ff
 .rodata._ZN2bn14iunordered_mapIPKviNS_17bg_blocks_manager12_GLOBAL__N_115identity_hasherENS_8equal_toIS2_EEE5eraseERKNS8_14const_iteratorE.constprop.0.isra.0.str1.4
                0x08490f98       0x5e bn_bg_blocks_manager.o
 *fill*         0x08490ff6        0x2 ff
 .rodata._ZN2bn17bg_blocks_manager24set_affine_map_cells_refEiRKNS_18affine_bg_map_itemE.str1.4
                0x08490ff8      0x107 bn_bg_blocks_manager.o
 *fill*         0x084910ff        0x1 ff
 .rodata._ZN2bn17bg_blocks_manager25set_regular_map_cells_refEiRKNS_19regular_bg_map_itemE.str1.4
                0x08491100       0x4a bn_bg_blocks_manager.o
 *fill*         0x0849114a        0x2 ff
 .rodata._ZN2bn17bg_blocks_manager12_GLOBAL__N_112_create_itemEiibONS1_11create_dataE.str1.4
                0x0849114c       0x31 bn_bg_blocks_manager.o
 *fill*         0x0849117d        0x3 ff
 .rodata._ZN2bn17bg_blocks_manager22allocate_regular_tilesEiNS_8bpp_modeEb.str1.4
                0x08491180       0xbd bn_bg_blocks_manager.o
 *fill*         0x0849123d        0x3 ff
 .rodata._ZN2bn17bg_blocks_manager20allocate_regular_mapERKNS_4sizeEONS_20regular_bg_tiles_ptrEONS_14bg_palette_ptrEb.str1.4
                0x08491240      0x153 bn_bg_blocks_manager.o
 *fill*         0x08491393        0x1 ff
 .rodata._ZN2bn17bg_blocks_manager20create_regular_tilesERKNS_21regular_bg_tiles_itemEb.str1.4
                0x08491394       0x58 bn_bg_blocks_manager.o
 .rodata._ZN2bn17bg_blocks_manager18create_regular_mapERKNS_19regular_bg_map_itemEONS_20regular_bg_tiles_ptrEONS_14bg_palette_ptrEb.str1.4
                0x084913ec       0x42 bn_bg_blocks_manager.o
 *fill*         0x0849142e        0x2 ff
 .rodata.str1.4
                0x08491430       0x2b bn_bg_blocks_manager.o
 *fill*         0x0849145b        0x1 ff
 .rodata._ZN2bn17bg_blocks_manager12_GLOBAL__N_1L19_status_log_messageE
                0x0849145c        0x8 bn_bg_blocks_manager.o
 .rodata._ZN2bn11bgs_manager10dimensionsEPv.str1.4
                0x08491464       0x4d bn_bgs_manager.o
 *fill*         0x084914b1        0x3 ff
 .rodata._ZN2bn11bgs_manager13set_regular_xEPvNS_7fixed_tILi12EEE.str1.4
                0x084914b4       0xc0 bn_bgs_manager.o
                                 0xc4 (size before relaxing)
 .rodata._ZN2bn11bgs_manager20set_regular_positionEPvRKNS_11fixed_pointE.str1.4
                0x08491574       0xae bn_bgs_manager.o
 *fill*         0x08491622        0x2 ff
 .rodata._ZN2bn11bgs_manager12_GLOBAL__N_19item_type18update_affine_hw_xEv.str1.4
                0x08491624       0xc7 bn_bgs_manager.o
 *fill*         0x084916eb        0x1 ff
 .rodata._ZN2bn11bgs_manager12_GLOBAL__N_19item_type18update_affine_hw_yEv.str1.4
                0x084916ec       0xc5 bn_bgs_manager.o
 *fill*         0x084917b1        0x3 ff
 .rodata._ZN2bn11bgs_manager15rebuild_handlesEv.part.0.str1.4
                0x084917b4       0x4f bn_bgs_manager.o
                                 0x53 (size before relaxing)
 .rodata._ZN2bn17affine_bg_builder11release_mapEv.str1.4
                0x08491803       0x32 bn_bgs_manager.o
 *fill*         0x08491803        0x1 ff
 .rodata._ZN2bn11bgs_manager37fill_hblank_effect_regular_attributesEPvPKNS_21regular_bg_attributesEPt.str1.4
                0x08491804       0x40 bn_bgs_manager.o
                                 0x4c (size before relaxing)